C51 COMPILER V9.56.0.0   BSP                                                               11/15/2022 13:44:44 PAGE 1   


C51 COMPILER V9.56.0.0, COMPILATION OF MODULE BSP
OBJECT MODULE PLACED IN .\Objects\bsp.obj
COMPILER INVOKED BY: C:\Keil_v5\C51\BIN\C51.EXE Bsp\bsp.c OPTIMIZE(8,SPEED) BROWSE DEBUG OBJECTEXTEND PRINT(.\Listings\b
                    -sp.lst) TABS(2) OBJECT(.\Objects\bsp.obj)

line level    source

   1          #include "./User/includes.h"
   2          
   3          
   4          //========================================================================
   5          // 函数: void BSP_Init(void)
   6          // 描述: 板载相关硬件初始化函数汇总，将需要初始化的硬件全部在此处初始化，最终被main函数所调用
   7          // 版本: V1.0, 2022-10-17
   8          //========================================================================
   9          void BSP_Init(void)
  10          {
  11   1        
  12   1        BSP_GPIO_Init();    //GPIO初始化
  13   1        
  14   1        
  15   1        BSP_Usart_Init(UPLOAD_USART,UPLOAD_BAUDRATE);       //初始化主板与上位机连接的串口
  16   1        
  17   1      #if  CONSOLE_USART  
  18   1        BSP_Usart_Init(CONSOLE_USART, CONSOLE_BAUDRATE);    //初始化printf打印输出的串口
  19   1      #endif  
  20   1        
  21   1        
  22   1      #ifdef  STC15W4K48S4    
  23   1        #if  GPS_USART  
  24   1          BSP_Usart_Init(GPS_USART,GPS_BAUDRATE);             //初始化GPS板卡与主板连接的串口
  25   1        #endif
  26   1        
  27   1        #if  HS_BUMP_USART  
  28   1          BSP_Usart_Init(HS_BUMP_USART,HS_BUMP_BAUDRATE);     //初始化高森碰杆传感器与主板之间连接的串口
  29   1        #endif
  30   1        
  31   1        #if  TILT_Q_USART 
                  BSP_Usart_Init(TILT_Q_USART,TILT_BAUDRATE);         //初始化车前轴倾角传感器与主板连接的串口
                #endif
  34   1        
  35   1        #if  TILT_H_USART 
                  BSP_Usart_Init(TILT_H_USART,TILT_BAUDRATE);         //初始化车后轴倾角传感器与主板连接的串口
                #endif
  38   1        
  39   1        #if  TILT_G_USART 
                  BSP_Usart_Init(TILT_G_USART,TILT_BAUDRATE);         //初始化车挂轴倾角传感器与主板连接的串口
                #endif
  42   1        
  43   1        #if  TILT_MTC_USART 
  44   1          BSP_Usart_Init(TILT_MTC_USART,TILT_BAUDRATE);       //初始化二轮摩托车倾角传感器与主板连接的串口
  45   1        #endif
  46   1        
  47   1        #if  TILT_ALL_USART 
                  BSP_Usart_Init(TILT_ALL_USART,TILT_BAUDRATE);       //初始化（汇总后）倾角传感器与主板连接的串口
                #endif
  50   1        
  51   1        #if  BUMP_24G_USART
                  BSP_Usart_Init(BUMP_24G_USART,BUMP_24G_BAUDRATE);   //初2.4G接收模块（碰杆传感器）与主板之间连接的串口
                #endif
  54   1        
C51 COMPILER V9.56.0.0   BSP                                                               11/15/2022 13:44:44 PAGE 2   

  55   1      
  56   1      #endif
  57   1          
  58   1        BSP_ZhuansuCount_Init();//转速脉冲计数初始化，使用定时计数器0
  59   1        
  60   1        
  61   1        TOTAL_IT = TURE;//开启总中断
  62   1        
  63   1        
  64   1      }
  65          
  66          
  67          
  68          
  69          
  70          
  71          
  72          


MODULE INFORMATION:   STATIC OVERLAYABLE
   CODE SIZE        =     92    ----
   CONSTANT SIZE    =   ----    ----
   XDATA SIZE       =   ----    ----
   PDATA SIZE       =   ----    ----
   DATA SIZE        =   ----    ----
   IDATA SIZE       =   ----    ----
   BIT SIZE         =   ----    ----
END OF MODULE INFORMATION.


C51 COMPILATION COMPLETE.  0 WARNING(S),  0 ERROR(S)
