C51 COMPILER V9.56.0.0   MAIN                                                              11/15/2022 13:44:47 PAGE 1   


C51 COMPILER V9.56.0.0, COMPILATION OF MODULE MAIN
OBJECT MODULE PLACED IN .\Objects\main.obj
COMPILER INVOKED BY: C:\Keil_v5\C51\BIN\C51.EXE User\main.c OPTIMIZE(8,SPEED) BROWSE DEBUG OBJECTEXTEND PRINT(.\Listings
                    -\main.lst) TABS(2) OBJECT(.\Objects\main.obj)

line level    source

   1          #include  "./User/includes.h"
   2          #include  "./User/config.h"
   3          #include  <stdio.h>
   4          #include  <string.h>
   5          
   6          
   7          u8 i = 0;
   8          void main(void)
   9          {
  10   1        
  11   1        BSP_Init();//板载硬件初始化,
  12   1        
  13   1        Check_Serial_Id();  //校验单片机序列号
  14   1        
  15   1        SignalLine_Init();  //信号配置初始化
  16   1      
  17   1        
  18   1        while(1)  
  19   1        { 
  20   2      //    #ifdef  STC15W4K48S4
  21   2      //    SerialHandle(GPS_USART);    //串口通讯处理程序  
  22   2      //    #endif
  23   2          
  24   2          SerialHandle(UPLOAD_USART); //串口通讯处理程序  
  25   2          
  26   2          SerialDataUpload(UPLOAD_USART);//给上位机上传数据
  27   2          
  28   2          #ifdef  STC12C5A60S2  
                    delay_ms(100);
                  #endif
  31   2          //delay_ms(10);
  32   2        } 
  33   1      }
  34          
  35          
  36          
  37          


MODULE INFORMATION:   STATIC OVERLAYABLE
   CODE SIZE        =     21    ----
   CONSTANT SIZE    =   ----    ----
   XDATA SIZE       =   ----    ----
   PDATA SIZE       =   ----    ----
   DATA SIZE        =      1    ----
   IDATA SIZE       =   ----    ----
   BIT SIZE         =   ----    ----
END OF MODULE INFORMATION.


C51 COMPILATION COMPLETE.  0 WARNING(S),  0 ERROR(S)
