BL51 BANKED LINKER/LOCATER V6.22                                                        11/15/2022  13:44:48  PAGE 1


BL51 BANKED LINKER/LOCATER V6.22, INVOKED BY:
C:\KEIL_V5\C51\BIN\BL51.EXE .\Objects\gpio.obj, .\Objects\flash.obj, .\Objects\usart.obj, .\Objects\timer.obj, .\Objects
>> \bsp.obj, .\Objects\bsp_gpio.obj, .\Objects\bsp_usart.obj, .\Objects\bsp_flash.obj, .\Objects\bsp_mcu_id.obj, .\Objec
>> ts\bsp_delay.obj, .\Objects\Signal.obj, .\Objects\Serial.obj, .\Objects\check.obj, .\Objects\gps.obj, .\Objects\main.
>> obj TO .\Objects\SignalAcquisition PRINT (.\Listings\SignalAcquisition.m51) RAMSIZE (256)


MEMORY MODEL: SMALL WITH FLOATING POINT ARITHMETIC


INPUT MODULES INCLUDED:
  .\Objects\gpio.obj (GPIO)
  .\Objects\flash.obj (FLASH)
  .\Objects\usart.obj (USART)
  .\Objects\timer.obj (TIMER)
  .\Objects\bsp.obj (BSP)
  .\Objects\bsp_gpio.obj (BSP_GPIO)
  .\Objects\bsp_usart.obj (BSP_USART)
  .\Objects\bsp_flash.obj (BSP_FLASH)
  .\Objects\bsp_mcu_id.obj (BSP_MCU_ID)
  .\Objects\bsp_delay.obj (BSP_DELAY)
  .\Objects\Signal.obj (SIGNAL)
  .\Objects\Serial.obj (SERIAL)
  .\Objects\check.obj (CHECK)
  .\Objects\gps.obj (GPS)
  .\Objects\main.obj (MAIN)
  C:\KEIL_V5\C51\LIB\C51FPS.LIB (?C?FPMUL)
  C:\KEIL_V5\C51\LIB\C51FPS.LIB (?C?FPDIV)
  C:\KEIL_V5\C51\LIB\C51FPS.LIB (?C?FCAST)
  C:\KEIL_V5\C51\LIB\C51FPS.LIB (?C?CASTF)
  C:\KEIL_V5\C51\LIB\C51FPS.LIB (PRINTF)
  C:\KEIL_V5\C51\LIB\C51FPS.LIB (?C?FPGETOPN)
  C:\KEIL_V5\C51\LIB\C51FPS.LIB (?C?FPROUND)
  C:\KEIL_V5\C51\LIB\C51FPS.LIB (?C?FPCONVERT)
  C:\KEIL_V5\C51\LIB\C51FPS.LIB (?C?FPADD)
  C:\KEIL_V5\C51\LIB\C51FPS.LIB (?C?FTNPWR)
  C:\KEIL_V5\C51\LIB\C51S.LIB (?C_STARTUP)
  C:\KEIL_V5\C51\LIB\C51S.LIB (?C?COPY)
  C:\KEIL_V5\C51\LIB\C51S.LIB (?C?CLDPTR)
  C:\KEIL_V5\C51\LIB\C51S.LIB (?C?CLDOPTR)
  C:\KEIL_V5\C51\LIB\C51S.LIB (?C?CILDPTR)
  C:\KEIL_V5\C51\LIB\C51S.LIB (?C?CILDOPTR)
  C:\KEIL_V5\C51\LIB\C51S.LIB (?C?CSTPTR)
  C:\KEIL_V5\C51\LIB\C51S.LIB (?C?CSTOPTR)
  C:\KEIL_V5\C51\LIB\C51S.LIB (?C?IILDX)
  C:\KEIL_V5\C51\LIB\C51S.LIB (?C?ILDIX)
  C:\KEIL_V5\C51\LIB\C51S.LIB (?C?ILDPTR)
  C:\KEIL_V5\C51\LIB\C51S.LIB (?C?ILDOPTR)
  C:\KEIL_V5\C51\LIB\C51S.LIB (?C?ISTPTR)
  C:\KEIL_V5\C51\LIB\C51S.LIB (?C?ISTOPTR)
  C:\KEIL_V5\C51\LIB\C51S.LIB (?C?ULDIV)
  C:\KEIL_V5\C51\LIB\C51S.LIB (?C?LNEG)
  C:\KEIL_V5\C51\LIB\C51S.LIB (?C?ULSHR)
  C:\KEIL_V5\C51\LIB\C51S.LIB (?C?LLDOPTR0)
  C:\KEIL_V5\C51\LIB\C51S.LIB (?C?PLDIIDATA)
  C:\KEIL_V5\C51\LIB\C51S.LIB (?C?CCASE)
  C:\KEIL_V5\C51\LIB\C51S.LIB (STRCAT)
  C:\KEIL_V5\C51\LIB\C51S.LIB (?C?STRCMP)
BL51 BANKED LINKER/LOCATER V6.22                                                      11/15/2022  13:44:48  PAGE 2


  C:\KEIL_V5\C51\LIB\C51S.LIB (STRLEN)
  C:\KEIL_V5\C51\LIB\C51S.LIB (STRSTR)
  C:\KEIL_V5\C51\LIB\C51S.LIB (?C?MEMSET)
  C:\KEIL_V5\C51\LIB\C51S.LIB (?C_INIT)
  C:\KEIL_V5\C51\LIB\C51S.LIB (?C?LLDIDATA0)
  C:\KEIL_V5\C51\LIB\C51S.LIB (?C?LLDXDATA0)
  C:\KEIL_V5\C51\LIB\C51S.LIB (?C?LLDPDATA0)
  C:\KEIL_V5\C51\LIB\C51S.LIB (?C?LLDCODE0)


LINK MAP OF MODULE:  .\Objects\SignalAcquisition (GPIO)


            TYPE    BASE      LENGTH    RELOCATION   SEGMENT NAME
            -----------------------------------------------------

            * * * * * * *   D A T A   M E M O R Y   * * * * * * *
            REG     0000H     0008H     ABSOLUTE     "REG BANK 0"
            DATA    0008H     0007H     UNIT         ?DT?SIGNAL
            DATA    000FH     0002H     UNIT         ?DT?SERIAL
            DATA    0011H     0001H     UNIT         ?DT?MAIN
                    0012H     000EH                  *** GAP ***
            BIT     0020H.0   0001H.1   UNIT         _BIT_GROUP_
                    0021H.1   0000H.7                *** GAP ***
            DATA    0022H     0042H     UNIT         _DATA_GROUP_
            IDATA   0064H     0001H     UNIT         ?STACK

            * * * * * * *  X D A T A   M E M O R Y  * * * * * * *
            XDATA   0000H     03A8H     UNIT         ?XD?USART
            XDATA   03A8H     03A8H     UNIT         ?XD?BSP_USART
            XDATA   0750H     02C6H     UNIT         ?XD?SERIAL
            XDATA   0A16H     0167H     UNIT         ?XD?SIGNAL
            XDATA   0B7DH     012CH     UNIT         ?XD?BSP_FLASH
            XDATA   0CA9H     0080H     UNIT         ?XD?GPS
            XDATA   0D29H     0048H     UNIT         ?XD?BSP_GPIO
            XDATA   0D71H     003CH     UNIT         _XDATA_GROUP_
            XDATA   0DADH     0007H     UNIT         ?XD?CHECK

            * * * * * * *   C O D E   M E M O R Y   * * * * * * *
            CODE    0000H     0003H     ABSOLUTE     
            CODE    0003H     001CH     UNIT         ?PR?_RAOCHE1?SIGNAL
            CODE    001FH     0004H     UNIT         ?PR?_ZUOYITIAOJIE?SIGNAL
            CODE    0023H     0003H     ABSOLUTE     
            CODE    0026H     001AH     UNIT         ?PR?_GET24GSHOCKSENSOR_VALUE?SIGNAL
                    0040H     0003H                  *** GAP ***
            CODE    0043H     0003H     ABSOLUTE     
            CODE    0046H     0040H     UNIT         ?CO?CHECK
                    0086H     0005H                  *** GAP ***
            CODE    008BH     0003H     ABSOLUTE     
                    008EH     0005H                  *** GAP ***
            CODE    0093H     0003H     ABSOLUTE     
            CODE    0096H     15D3H     UNIT         ?PR?_BSP_FLASHWRITEBYTE?BSP_FLASH
            CODE    1669H     0F53H     UNIT         ?PR?_BSP_GETFLASHCONFIG?BSP_FLASH
            CODE    25BCH     0E13H     UNIT         ?CO?GPS
            CODE    33CFH     0AF1H     UNIT         ?C?LIB_CODE
            CODE    3EC0H     095AH     UNIT         ?PR?_GETBASEBOARDDATAPACK?SIGNAL
            CODE    481AH     059BH     UNIT         ?PR?_USART_CONFIGURATION?USART
BL51 BANKED LINKER/LOCATER V6.22                                                      11/15/2022  13:44:48  PAGE 3


            CODE    4DB5H     046FH     UNIT         ?PR?PRINTF?PRINTF
            CODE    5224H     02F9H     UNIT         ?PR?_SERIAL_HIGHSENSORSHOCK_ANALY?SERIAL
            CODE    551DH     02E4H     UNIT         ?PR?_SERIAL_TILTSENSOR_ANALY?SERIAL
            CODE    5801H     0266H     UNIT         ?PR?_SERIAL_CMD_ANALY?SERIAL
            CODE    5A67H     0264H     UNIT         ?PR?SIGNALLINE_INIT?SIGNAL
            CODE    5CCBH     0251H     UNIT         ?PR?_BSP_USART_INIT?BSP_USART
            CODE    5F1CH     0237H     UNIT         ?PR?_BSP_GETUSARTRXBUFFER?BSP_USART
            CODE    6153H     0210H     UNIT         ?PR?_GETHSSHOCKSENSOR_VALUE?SIGNAL
            CODE    6363H     01F1H     UNIT         ?PR?_BSP_GETFORMATRXBUFFER?BSP_USART
            CODE    6554H     01D8H     UNIT         ?PR?_INSERTBASEBOARDDATA?SERIAL
            CODE    672CH     01C4H     UNIT         ?PR?_GPIO_INILIZE?GPIO
            CODE    68F0H     0177H     UNIT         ?PR?_BSP_READBUMPDATABIT?BSP_GPIO
            CODE    6A67H     014FH     UNIT         ?PR?_BSP_READMULTIPLEDATABIT?BSP_GPIO
            CODE    6BB6H     0147H     UNIT         ?PR?_USART_READRXBUFFER?USART
            CODE    6CFDH     0140H     UNIT         ?PR?_BYTEARRAYCOMPAR_R?CHECK
            CODE    6E3DH     0129H     UNIT         ?PR?_SERIAL_SENSOR24GSHOCK_ANALY?SERIAL
            CODE    6F66H     0124H     UNIT         ?PR?_DANGWEI?SIGNAL
            CODE    708AH     0106H     UNIT         ?PR?INT_8?USART
            CODE    7190H     0106H     UNIT         ?PR?UART3_INT?USART
            CODE    7296H     0106H     UNIT         ?PR?UART4_INT?USART
            CODE    739CH     0105H     UNIT         ?PR?_USART_CLEARMSGQUEUERXBUFFER?USART
            CODE    74A1H     0100H     UNIT         ?PR?_BYTEARRAYCOMPAR?CHECK
            CODE    75A1H     00FDH     UNIT         ?PR?INT_4?USART
            CODE    769EH     00F2H     UNIT         ?PR?_BSP_GETGPIOSTATUS?BSP_GPIO
            CODE    7790H     00EDH     UNIT         ?C_INITSEG
            CODE    787DH     00D8H     UNIT         ?PR?_CONFIGURATION?GPS
            CODE    7955H     00C2H     UNIT         ?PR?_ENTERCONFIG?GPS
            CODE    7A17H     00AFH     UNIT         ?PR?CHECK_SERIAL_ID?CHECK
            CODE    7AC6H     00A8H     UNIT         ?PR?_BSP_READINPUTDATABIT?BSP_GPIO
            CODE    7B6EH     00A1H     UNIT         ?PR?GETBASESTATIONPOS?GPS
            CODE    7C0FH     00A0H     UNIT         ?PR?_BSP_CLEARUSARTRXBUFFER?BSP_USART
            CODE    7CAFH     008CH     UNIT         ?C_C51STARTUP
            CODE    7D3BH     0086H     UNIT         ?PR?_GETTILTSENSOR_VALUE?SIGNAL
            CODE    7DC1H     0082H     UNIT         ?PR?_STRSTR?STRSTR
            CODE    7E43H     007FH     UNIT         ?PR?_HEXTOSTR?BSP_USART
            CODE    7EC2H     007DH     UNIT         ?PR?_XIHUO?SIGNAL
            CODE    7F3FH     007AH     UNIT         ?PR?_CHECKSUM?CHECK
            CODE    7FB9H     0070H     UNIT         ?CO?BSP_USART
            CODE    8029H     005CH     UNIT         ?PR?BSP_INIT?BSP
            CODE    8085H     005BH     UNIT         ?PR?_GPS_ENTERCONFIGURATION?GPS
            CODE    80E0H     005AH     UNIT         ?PR?_SERIALHANDLE?SERIAL
            CODE    813AH     0058H     UNIT         ?PR?_STRCAT?STRCAT
            CODE    8192H     0055H     UNIT         ?CO?SERIAL
            CODE    81E7H     0052H     UNIT         ?PR?_ZHUANSUCOUNT?SIGNAL
            CODE    8239H     003FH     UNIT         ?PR?_WAITFORTISIGNAL?BSP_USART
            CODE    8278H     003BH     UNIT         ?PR?BSP_GPIO_INIT?BSP_GPIO
            CODE    82B3H     0039H     UNIT         ?PR?_ZUOZHUANXIANGDENG?SIGNAL
            CODE    82ECH     0039H     UNIT         ?PR?_YOUZHUANXIANGDENG?SIGNAL
            CODE    8325H     0038H     UNIT         ?PR?_GETTILT_ADJUST_VAULE?SIGNAL
            CODE    835DH     002EH     UNIT         ?PR?_SHIJING?SIGNAL
            CODE    838BH     002BH     UNIT         ?PR?_USART_SENDBUFFER?BSP_USART
            CODE    83B6H     0029H     UNIT         ?PR?CMD_START_CALLBACK?SIGNAL
            CODE    83DFH     0028H     UNIT         ?PR?_BSP_GETLOCALID?BSP_MCU_ID
            CODE    8407H     0024H     UNIT         ?PR?_USART_SENDDATA?BSP_USART
            CODE    842BH     0017H     UNIT         ?PR?_IAPREADBYTE?FLASH
            CODE    8442H     0017H     UNIT         ?PR?_DELAY_MS?BSP_DELAY
            CODE    8459H     0016H     UNIT         ?PR?_IAPWRITEBYTE?FLASH
BL51 BANKED LINKER/LOCATER V6.22                                                      11/15/2022  13:44:48  PAGE 4


            CODE    846FH     0016H     UNIT         ?PR?_RAOCHE2?SIGNAL
            CODE    8485H     0016H     UNIT         ?PR?_RAOCHE3?SIGNAL
            CODE    849BH     0015H     UNIT         ?PR?MAIN?MAIN
            CODE    84B0H     0015H     UNIT         ?PR?_STRLEN?STRLEN
            CODE    84C5H     0014H     UNIT         ?PR?_IAPERASESECTOR?FLASH
            CODE    84D9H     0013H     UNIT         ?PR?_CHEMEN?SIGNAL
            CODE    84ECH     0011H     UNIT         ?PR?_YUANGUANG?SIGNAL
            CODE    84FDH     0011H     UNIT         ?PR?_JINGUANG?SIGNAL
            CODE    850EH     0011H     UNIT         ?PR?_QIDONG?SIGNAL
            CODE    851FH     0010H     UNIT         ?PR?_NEIHOUSHI?SIGNAL
            CODE    852FH     0010H     UNIT         ?PR?_ZUOYIYALI?SIGNAL
            CODE    853FH     000FH     UNIT         ?PR?_SERIALDATAUPLOAD?SERIAL
            CODE    854EH     000DH     UNIT         ?PR?IAPIDLE?FLASH
            CODE    855BH     000DH     UNIT         ?PR?_DBQ_LEFTFRONT?SIGNAL
            CODE    8568H     000DH     UNIT         ?PR?_DBQ_LEFTREAR?SIGNAL
            CODE    8575H     000DH     UNIT         ?PR?_DBQ_RIGHTFRONT?SIGNAL
            CODE    8582H     000DH     UNIT         ?PR?_DBQ_RIGHTREAR?SIGNAL
            CODE    858FH     000DH     UNIT         ?PR?_DBQ_LEFTMIDDLE?SIGNAL
            CODE    859CH     000DH     UNIT         ?PR?_DBQ_RIGHTMIDDLE?SIGNAL
            CODE    85A9H     000CH     UNIT         ?PR?_PUTCHAR?BSP_USART
            CODE    85B5H     000CH     UNIT         ?PR?_KONGDANG?SIGNAL
            CODE    85C1H     000CH     UNIT         ?PR?_YOUJIAOTABAN?SIGNAL
            CODE    85CDH     000BH     UNIT         ?PR?BSP_ZHUANSUCOUNT_INIT?BSP_GPIO
            CODE    85D8H     000BH     UNIT         ?PR?_SHOUSHA?SIGNAL
            CODE    85E3H     000BH     UNIT         ?PR?_ANQUANDAI?SIGNAL
            CODE    85EEH     000BH     UNIT         ?PR?_DAOCHEDENG?SIGNAL
            CODE    85F9H     000BH     UNIT         ?PR?_LABA?SIGNAL
            CODE    8604H     000BH     UNIT         ?PR?_WUDENG?SIGNAL
            CODE    860FH     000BH     UNIT         ?PR?_XIAODENG?SIGNAL
            CODE    861AH     000BH     UNIT         ?PR?_JIAOSHA?SIGNAL
            CODE    8625H     000BH     UNIT         ?PR?_YUSHUA?SIGNAL
            CODE    8630H     000BH     UNIT         ?PR?_ZUOHOUSHI?SIGNAL
            CODE    863BH     000BH     UNIT         ?PR?_LIHE?SIGNAL
            CODE    8646H     000BH     UNIT         ?PR?_YAOSHIMEN?SIGNAL
            CODE    8651H     000BH     UNIT         ?PR?_FUSHACHE?SIGNAL
            CODE    865CH     000BH     UNIT         ?PR?_CHUANGDONG?SIGNAL
            CODE    8667H     000BH     UNIT         ?PR?_GUANCHAYIBIAO?SIGNAL
            CODE    8672H     000BH     UNIT         ?PR?_TOUKUI?SIGNAL
            CODE    867DH     000BH     UNIT         ?PR?_ZUOBASHOU?SIGNAL
            CODE    8688H     000BH     UNIT         ?PR?_YOUBASHOU?SIGNAL
            CODE    8693H     000BH     UNIT         ?PR?_ZUOJIAOTABAN?SIGNAL



OVERLAY MAP OF MODULE:   .\Objects\SignalAcquisition (GPIO)


SEGMENT                                             BIT_GROUP          DATA_GROUP          XDATA_GROUP
  +--> CALLED SEGMENT                            START    LENGTH     START    LENGTH     START    LENGTH
--------------------------------------------------------------------------------------------------------
?C_C51STARTUP                                    -----    -----      -----    -----      -----    -----
  +--> ?PR?MAIN?MAIN
  +--> ?C_INITSEG

?PR?MAIN?MAIN                                    -----    -----      -----    -----      -----    -----
  +--> ?PR?BSP_INIT?BSP
  +--> ?PR?CHECK_SERIAL_ID?CHECK
BL51 BANKED LINKER/LOCATER V6.22                                                      11/15/2022  13:44:48  PAGE 5


  +--> ?PR?SIGNALLINE_INIT?SIGNAL
  +--> ?PR?_SERIALHANDLE?SERIAL
  +--> ?PR?_SERIALDATAUPLOAD?SERIAL

?PR?BSP_INIT?BSP                                 -----    -----      -----    -----      -----    -----
  +--> ?PR?BSP_GPIO_INIT?BSP_GPIO
  +--> ?PR?_BSP_USART_INIT?BSP_USART
  +--> ?PR?BSP_ZHUANSUCOUNT_INIT?BSP_GPIO

?PR?BSP_GPIO_INIT?BSP_GPIO                       -----    -----      0022H    0002H      -----    -----
  +--> ?PR?_GPIO_INILIZE?GPIO

?PR?_BSP_USART_INIT?BSP_USART                    -----    -----      0035H    000FH      -----    -----
  +--> ?PR?_USART_CONFIGURATION?USART

?PR?_USART_CONFIGURATION?USART                   -----    -----      0044H    0005H      -----    -----

?PR?CHECK_SERIAL_ID?CHECK                        -----    -----      -----    -----      0D71H    0013H
  +--> ?CO?CHECK
  +--> ?PR?_BSP_GETLOCALID?BSP_MCU_ID
  +--> ?PR?PRINTF?PRINTF
  +--> ?PR?_STRCAT?STRCAT
  +--> ?PR?_STRSTR?STRSTR
  +--> ?PR?_DELAY_MS?BSP_DELAY

?PR?_BSP_GETLOCALID?BSP_MCU_ID                   -----    -----      0022H    0003H      -----    -----

?PR?PRINTF?PRINTF                                0020H.0  0001H.1    0047H    001CH      -----    -----
  +--> ?PR?_PUTCHAR?BSP_USART

?PR?_PUTCHAR?BSP_USART                           -----    -----      0063H    0001H      -----    -----
  +--> ?PR?_USART_SENDDATA?BSP_USART

?PR?_USART_SENDDATA?BSP_USART                    -----    -----      -----    -----      -----    -----
  +--> ?PR?_WAITFORTISIGNAL?BSP_USART

?PR?_STRCAT?STRCAT                               -----    -----      0031H    0009H      -----    -----

?PR?_STRSTR?STRSTR                               -----    -----      0035H    000CH      -----    -----

?PR?SIGNALLINE_INIT?SIGNAL                       -----    -----      -----    -----      0D78H    0003H
  +--> ?PR?_BSP_GETFLASHCONFIG?BSP_FLASH

?PR?_BSP_GETFLASHCONFIG?BSP_FLASH                -----    -----      002FH    0003H      -----    -----
  +--> ?PR?_IAPREADBYTE?FLASH

?PR?_IAPREADBYTE?FLASH                           -----    -----      -----    -----      -----    -----
  +--> ?PR?IAPIDLE?FLASH

?PR?_SERIALHANDLE?SERIAL                         -----    -----      0022H    0001H      0D71H    0002H
  +--> ?PR?_BSP_GETUSARTRXBUFFER?BSP_USART
  +--> ?PR?_SERIAL_CMD_ANALY?SERIAL
  +--> ?PR?_BSP_CLEARUSARTRXBUFFER?BSP_USART

?PR?_BSP_GETUSARTRXBUFFER?BSP_USART              -----    -----      0041H    0006H      0DA0H    0006H
  +--> ?PR?_USART_READRXBUFFER?USART
  +--> ?PR?_BSP_CLEARUSARTRXBUFFER?BSP_USART
BL51 BANKED LINKER/LOCATER V6.22                                                      11/15/2022  13:44:48  PAGE 6


  +--> ?CO?BSP_USART
  +--> ?PR?PRINTF?PRINTF

?PR?_USART_READRXBUFFER?USART                    -----    -----      0047H    000CH      0DA6H    0005H

?PR?_BSP_CLEARUSARTRXBUFFER?BSP_USART            -----    -----      0047H    0001H      0DA6H    0002H

?PR?_SERIAL_CMD_ANALY?SERIAL                     -----    -----      0023H    0009H      0D73H    0005H
  +--> ?CO?SERIAL
  +--> ?PR?_BYTEARRAYCOMPAR?CHECK
  +--> ?PR?CMD_START_CALLBACK?SIGNAL
  +--> ?PR?_BSP_FLASHWRITEBYTE?BSP_FLASH
  +--> ?PR?_USART_SENDBUFFER?BSP_USART
  +--> ?PR?_IAPREADBYTE?FLASH
  +--> ?PR?_USART_SENDDATA?BSP_USART
  +--> ?PR?_GPS_ENTERCONFIGURATION?GPS
  +--> ?PR?GETBASESTATIONPOS?GPS

?PR?_BYTEARRAYCOMPAR?CHECK                       -----    -----      0037H    000AH      0D86H    000DH

?PR?CMD_START_CALLBACK?SIGNAL                    -----    -----      -----    -----      -----    -----
  +--> ?PR?_USART_CLEARMSGQUEUERXBUFFER?USART
  +--> ?PR?_BSP_CLEARUSARTRXBUFFER?BSP_USART
  +--> ?PR?SIGNALLINE_INIT?SIGNAL
  +--> ?PR?_DELAY_MS?BSP_DELAY
  +--> ?PR?_GETTILT_ADJUST_VAULE?SIGNAL

?PR?_USART_CLEARMSGQUEUERXBUFFER?USART           -----    -----      002CH    0001H      -----    -----

?PR?_GETTILT_ADJUST_VAULE?SIGNAL                 -----    -----      002CH    0003H      -----    -----
  +--> ?PR?_GETTILTSENSOR_VALUE?SIGNAL

?PR?_GETTILTSENSOR_VALUE?SIGNAL                  -----    -----      002FH    0004H      -----    -----
  +--> ?PR?_SERIAL_TILTSENSOR_ANALY?SERIAL

?PR?_SERIAL_TILTSENSOR_ANALY?SERIAL              -----    -----      0033H    0004H      0D7CH    000AH
  +--> ?CO?SERIAL
  +--> ?PR?_BSP_GETFORMATRXBUFFER?BSP_USART
  +--> ?PR?_BYTEARRAYCOMPAR?CHECK

?PR?_BSP_GETFORMATRXBUFFER?BSP_USART             -----    -----      0037H    000AH      0D94H    000CH
  +--> ?PR?_BSP_GETUSARTRXBUFFER?BSP_USART
  +--> ?PR?_BYTEARRAYCOMPAR_R?CHECK

?PR?_BYTEARRAYCOMPAR_R?CHECK                     -----    -----      0041H    000AH      0DA0H    000DH

?PR?_BSP_FLASHWRITEBYTE?BSP_FLASH                -----    -----      002CH    0003H      -----    -----
  +--> ?PR?_BSP_GETFLASHCONFIG?BSP_FLASH
  +--> ?PR?_IAPERASESECTOR?FLASH
  +--> ?PR?_IAPWRITEBYTE?FLASH

?PR?_IAPERASESECTOR?FLASH                        -----    -----      -----    -----      -----    -----
  +--> ?PR?IAPIDLE?FLASH

?PR?_IAPWRITEBYTE?FLASH                          -----    -----      -----    -----      -----    -----
  +--> ?PR?IAPIDLE?FLASH

BL51 BANKED LINKER/LOCATER V6.22                                                      11/15/2022  13:44:48  PAGE 7


?PR?_USART_SENDBUFFER?BSP_USART                  -----    -----      0035H    0005H      -----    -----
  +--> ?PR?_USART_SENDDATA?BSP_USART

?PR?_GPS_ENTERCONFIGURATION?GPS                  -----    -----      002CH    0001H      0D78H    0001H
  +--> ?CO?GPS
  +--> ?PR?_ENTERCONFIG?GPS

?PR?_ENTERCONFIG?GPS                             -----    -----      002DH    0004H      0D79H    0002H
  +--> ?PR?_BSP_USART_INIT?BSP_USART
  +--> ?PR?_CONFIGURATION?GPS
  +--> ?CO?GPS
  +--> ?PR?_STRSTR?STRSTR
  +--> ?PR?_USART_SENDBUFFER?BSP_USART
  +--> ?PR?_USART_SENDDATA?BSP_USART

?PR?_CONFIGURATION?GPS                           -----    -----      0031H    0004H      0D7BH    0002H
  +--> ?CO?GPS
  +--> ?PR?_DELAY_MS?BSP_DELAY
  +--> ?PR?_BSP_CLEARUSARTRXBUFFER?BSP_USART
  +--> ?PR?_STRLEN?STRLEN
  +--> ?PR?_USART_SENDBUFFER?BSP_USART
  +--> ?PR?_BSP_GETUSARTRXBUFFER?BSP_USART
  +--> ?PR?_STRSTR?STRSTR
  +--> ?PR?_BSP_USART_INIT?BSP_USART

?PR?GETBASESTATIONPOS?GPS                        -----    -----      -----    -----      0D78H    0002H
  +--> ?PR?_BSP_CLEARUSARTRXBUFFER?BSP_USART
  +--> ?CO?GPS
  +--> ?PR?_STRLEN?STRLEN
  +--> ?PR?_USART_SENDBUFFER?BSP_USART
  +--> ?PR?_DELAY_MS?BSP_DELAY
  +--> ?PR?_BSP_GETUSARTRXBUFFER?BSP_USART
  +--> ?PR?_USART_SENDDATA?BSP_USART

?PR?_SERIALDATAUPLOAD?SERIAL                     -----    -----      -----    -----      -----    -----
  +--> ?PR?_INSERTBASEBOARDDATA?SERIAL

?PR?_INSERTBASEBOARDDATA?SERIAL                  -----    -----      0022H    0002H      0D71H    000BH
  +--> ?CO?SERIAL
  +--> ?PR?_GETBASEBOARDDATAPACK?SIGNAL
  +--> ?PR?_HEXTOSTR?BSP_USART
  +--> ?PR?_STRLEN?STRLEN
  +--> ?PR?_BSP_GETFORMATRXBUFFER?BSP_USART
  +--> ?PR?_USART_SENDBUFFER?BSP_USART
  +--> ?PR?_STRSTR?STRSTR
  +--> ?PR?_DELAY_MS?BSP_DELAY

?PR?_GETBASEBOARDDATAPACK?SIGNAL                 -----    -----      0024H    0005H      -----    -----
  +--> ?PR?_GETHSSHOCKSENSOR_VALUE?SIGNAL
  +--> ?PR?_GET24GSHOCKSENSOR_VALUE?SIGNAL
  +--> ?PR?_GETTILTSENSOR_VALUE?SIGNAL
  +--> ?PR?_JIAOSHA?SIGNAL
  +--> ?PR?_LIHE?SIGNAL
  +--> ?PR?_JINGUANG?SIGNAL
  +--> ?PR?_YUANGUANG?SIGNAL
  +--> ?PR?_YOUZHUANXIANGDENG?SIGNAL
  +--> ?PR?_ZUOZHUANXIANGDENG?SIGNAL
BL51 BANKED LINKER/LOCATER V6.22                                                      11/15/2022  13:44:48  PAGE 8


  +--> ?PR?_SHOUSHA?SIGNAL
  +--> ?PR?_ZUOYITIAOJIE?SIGNAL
  +--> ?PR?_LABA?SIGNAL
  +--> ?PR?_DAOCHEDENG?SIGNAL
  +--> ?PR?_XIAODENG?SIGNAL
  +--> ?PR?_SHIJING?SIGNAL
  +--> ?PR?_ANQUANDAI?SIGNAL
  +--> ?PR?_QIDONG?SIGNAL
  +--> ?PR?_XIHUO?SIGNAL
  +--> ?PR?_CHEMEN?SIGNAL
  +--> ?PR?_DANGWEI?SIGNAL
  +--> ?PR?_ZHUANSUCOUNT?SIGNAL
  +--> ?PR?_KONGDANG?SIGNAL
  +--> ?PR?_ZUOYIYALI?SIGNAL
  +--> ?PR?_YUSHUA?SIGNAL
  +--> ?PR?_WUDENG?SIGNAL
  +--> ?PR?_NEIHOUSHI?SIGNAL
  +--> ?PR?_ZUOHOUSHI?SIGNAL
  +--> ?PR?_FUSHACHE?SIGNAL
  +--> ?PR?_RAOCHE1?SIGNAL
  +--> ?PR?_RAOCHE2?SIGNAL
  +--> ?PR?_RAOCHE3?SIGNAL
  +--> ?PR?_YAOSHIMEN?SIGNAL
  +--> ?PR?_CHUANGDONG?SIGNAL
  +--> ?PR?_TOUKUI?SIGNAL
  +--> ?PR?_ZUOBASHOU?SIGNAL
  +--> ?PR?_YOUBASHOU?SIGNAL
  +--> ?PR?_ZUOJIAOTABAN?SIGNAL
  +--> ?PR?_YOUJIAOTABAN?SIGNAL
  +--> ?PR?_DBQ_LEFTFRONT?SIGNAL
  +--> ?PR?_DBQ_LEFTREAR?SIGNAL
  +--> ?PR?_DBQ_RIGHTFRONT?SIGNAL
  +--> ?PR?_DBQ_RIGHTREAR?SIGNAL
  +--> ?PR?_DBQ_LEFTMIDDLE?SIGNAL
  +--> ?PR?_DBQ_RIGHTMIDDLE?SIGNAL
  +--> ?PR?_GUANCHAYIBIAO?SIGNAL
  +--> ?PR?_CHECKSUM?CHECK

?PR?_GETHSSHOCKSENSOR_VALUE?SIGNAL               -----    -----      0029H    0003H      0D7CH    0006H
  +--> ?PR?_SERIAL_HIGHSENSORSHOCK_ANALY?SERIAL
  +--> ?PR?_BSP_READBUMPDATABIT?BSP_GPIO

?PR?_SERIAL_HIGHSENSORSHOCK_ANALY?SERIAL         -----    -----      002CH    0004H      0D82H    0012H
  +--> ?CO?SERIAL
  +--> ?PR?_STRLEN?STRLEN
  +--> ?PR?_BSP_GETFORMATRXBUFFER?BSP_USART
  +--> ?PR?_STRSTR?STRSTR

?PR?_BSP_READBUMPDATABIT?BSP_GPIO                -----    -----      002CH    0006H      0D82H    0003H

?PR?_GET24GSHOCKSENSOR_VALUE?SIGNAL              -----    -----      -----    -----      -----    -----
  +--> ?PR?_SERIAL_SENSOR24GSHOCK_ANALY?SERIAL

?PR?_SERIAL_SENSOR24GSHOCK_ANALY?SERIAL          -----    -----      0029H    0004H      0D7CH    0006H
  +--> ?CO?SERIAL
  +--> ?PR?_BSP_GETFORMATRXBUFFER?BSP_USART
  +--> ?PR?_BYTEARRAYCOMPAR?CHECK
BL51 BANKED LINKER/LOCATER V6.22                                                      11/15/2022  13:44:48  PAGE 9



?PR?_JIAOSHA?SIGNAL                              -----    -----      -----    -----      -----    -----
  +--> ?PR?_BSP_READINPUTDATABIT?BSP_GPIO

?PR?_BSP_READINPUTDATABIT?BSP_GPIO               -----    -----      -----    -----      0D7FH    0002H
  +--> ?PR?_BSP_GETGPIOSTATUS?BSP_GPIO

?PR?_LIHE?SIGNAL                                 -----    -----      -----    -----      -----    -----
  +--> ?PR?_BSP_READINPUTDATABIT?BSP_GPIO

?PR?_JINGUANG?SIGNAL                             -----    -----      -----    -----      -----    -----
  +--> ?PR?_BSP_READINPUTDATABIT?BSP_GPIO

?PR?_YUANGUANG?SIGNAL                            -----    -----      -----    -----      -----    -----
  +--> ?PR?_BSP_READINPUTDATABIT?BSP_GPIO

?PR?_YOUZHUANXIANGDENG?SIGNAL                    -----    -----      0029H    0003H      0D7CH    0002H
  +--> ?PR?_BSP_READINPUTDATABIT?BSP_GPIO

?PR?_ZUOZHUANXIANGDENG?SIGNAL                    -----    -----      0029H    0003H      0D7CH    0002H
  +--> ?PR?_BSP_READINPUTDATABIT?BSP_GPIO

?PR?_SHOUSHA?SIGNAL                              -----    -----      -----    -----      -----    -----
  +--> ?PR?_BSP_READINPUTDATABIT?BSP_GPIO

?PR?_ZUOYITIAOJIE?SIGNAL                         -----    -----      -----    -----      -----    -----
  +--> ?PR?_BSP_READINPUTDATABIT?BSP_GPIO

?PR?_LABA?SIGNAL                                 -----    -----      -----    -----      -----    -----
  +--> ?PR?_BSP_READINPUTDATABIT?BSP_GPIO

?PR?_DAOCHEDENG?SIGNAL                           -----    -----      -----    -----      -----    -----
  +--> ?PR?_BSP_READINPUTDATABIT?BSP_GPIO

?PR?_XIAODENG?SIGNAL                             -----    -----      -----    -----      -----    -----
  +--> ?PR?_BSP_READINPUTDATABIT?BSP_GPIO

?PR?_SHIJING?SIGNAL                              -----    -----      0029H    0004H      -----    -----
  +--> ?PR?_BSP_READINPUTDATABIT?BSP_GPIO

?PR?_ANQUANDAI?SIGNAL                            -----    -----      -----    -----      -----    -----
  +--> ?PR?_BSP_READINPUTDATABIT?BSP_GPIO

?PR?_QIDONG?SIGNAL                               -----    -----      -----    -----      -----    -----
  +--> ?PR?_BSP_READINPUTDATABIT?BSP_GPIO

?PR?_XIHUO?SIGNAL                                -----    -----      0029H    0003H      0D7CH    0003H
  +--> ?PR?_BSP_READINPUTDATABIT?BSP_GPIO

?PR?_CHEMEN?SIGNAL                               -----    -----      -----    -----      -----    -----
  +--> ?PR?_BSP_READINPUTDATABIT?BSP_GPIO

?PR?_DANGWEI?SIGNAL                              -----    -----      0029H    0003H      0D7CH    0006H
  +--> ?PR?_BSP_READMULTIPLEDATABIT?BSP_GPIO

?PR?_BSP_READMULTIPLEDATABIT?BSP_GPIO            -----    -----      002CH    0004H      0D82H    0004H
  +--> ?PR?_BSP_GETGPIOSTATUS?BSP_GPIO
BL51 BANKED LINKER/LOCATER V6.22                                                      11/15/2022  13:44:48  PAGE 10



?PR?_KONGDANG?SIGNAL                             -----    -----      -----    -----      -----    -----
  +--> ?PR?_DANGWEI?SIGNAL

?PR?_ZUOYIYALI?SIGNAL                            -----    -----      -----    -----      0D7CH    0001H
  +--> ?PR?_BSP_READINPUTDATABIT?BSP_GPIO

?PR?_YUSHUA?SIGNAL                               -----    -----      -----    -----      -----    -----
  +--> ?PR?_BSP_READINPUTDATABIT?BSP_GPIO

?PR?_WUDENG?SIGNAL                               -----    -----      -----    -----      -----    -----
  +--> ?PR?_BSP_READINPUTDATABIT?BSP_GPIO

?PR?_NEIHOUSHI?SIGNAL                            -----    -----      -----    -----      0D7CH    0001H
  +--> ?PR?_BSP_READINPUTDATABIT?BSP_GPIO

?PR?_ZUOHOUSHI?SIGNAL                            -----    -----      -----    -----      -----    -----
  +--> ?PR?_BSP_READINPUTDATABIT?BSP_GPIO

?PR?_FUSHACHE?SIGNAL                             -----    -----      -----    -----      -----    -----
  +--> ?PR?_BSP_READINPUTDATABIT?BSP_GPIO

?PR?_RAOCHE1?SIGNAL                              -----    -----      -----    -----      -----    -----
  +--> ?PR?_BSP_READMULTIPLEDATABIT?BSP_GPIO

?PR?_RAOCHE2?SIGNAL                              -----    -----      -----    -----      -----    -----
  +--> ?PR?_BSP_READMULTIPLEDATABIT?BSP_GPIO

?PR?_RAOCHE3?SIGNAL                              -----    -----      -----    -----      -----    -----
  +--> ?PR?_BSP_READMULTIPLEDATABIT?BSP_GPIO

?PR?_YAOSHIMEN?SIGNAL                            -----    -----      -----    -----      -----    -----
  +--> ?PR?_BSP_READINPUTDATABIT?BSP_GPIO

?PR?_CHUANGDONG?SIGNAL                           -----    -----      -----    -----      -----    -----
  +--> ?PR?_BSP_READINPUTDATABIT?BSP_GPIO

?PR?_TOUKUI?SIGNAL                               -----    -----      -----    -----      -----    -----
  +--> ?PR?_BSP_READINPUTDATABIT?BSP_GPIO

?PR?_ZUOBASHOU?SIGNAL                            -----    -----      -----    -----      -----    -----
  +--> ?PR?_BSP_READINPUTDATABIT?BSP_GPIO

?PR?_YOUBASHOU?SIGNAL                            -----    -----      -----    -----      -----    -----
  +--> ?PR?_BSP_READINPUTDATABIT?BSP_GPIO

?PR?_ZUOJIAOTABAN?SIGNAL                         -----    -----      -----    -----      -----    -----
  +--> ?PR?_BSP_READINPUTDATABIT?BSP_GPIO

?PR?_YOUJIAOTABAN?SIGNAL                         -----    -----      -----    -----      -----    -----
  +--> ?PR?_BSP_READINPUTDATABIT?BSP_GPIO

?PR?_DBQ_LEFTFRONT?SIGNAL                        -----    -----      -----    -----      -----    -----
  +--> ?PR?_BSP_READMULTIPLEDATABIT?BSP_GPIO

?PR?_DBQ_LEFTREAR?SIGNAL                         -----    -----      -----    -----      -----    -----
  +--> ?PR?_BSP_READMULTIPLEDATABIT?BSP_GPIO
BL51 BANKED LINKER/LOCATER V6.22                                                      11/15/2022  13:44:48  PAGE 11



?PR?_DBQ_RIGHTFRONT?SIGNAL                       -----    -----      -----    -----      -----    -----
  +--> ?PR?_BSP_READMULTIPLEDATABIT?BSP_GPIO

?PR?_DBQ_RIGHTREAR?SIGNAL                        -----    -----      -----    -----      -----    -----
  +--> ?PR?_BSP_READMULTIPLEDATABIT?BSP_GPIO

?PR?_DBQ_LEFTMIDDLE?SIGNAL                       -----    -----      -----    -----      -----    -----
  +--> ?PR?_BSP_READMULTIPLEDATABIT?BSP_GPIO

?PR?_DBQ_RIGHTMIDDLE?SIGNAL                      -----    -----      -----    -----      -----    -----
  +--> ?PR?_BSP_READMULTIPLEDATABIT?BSP_GPIO

?PR?_GUANCHAYIBIAO?SIGNAL                        -----    -----      -----    -----      -----    -----
  +--> ?PR?_BSP_READINPUTDATABIT?BSP_GPIO

?PR?_CHECKSUM?CHECK                              -----    -----      0029H    0005H      0D7CH    0005H

?PR?_HEXTOSTR?BSP_USART                          -----    -----      0024H    000DH      -----    -----
  +--> ?CO?BSP_USART
  +--> ?PR?PRINTF?PRINTF
  +--> ?PR?_STRCAT?STRCAT



SYMBOL TABLE OF MODULE:  .\Objects\SignalAcquisition (GPIO)

  VALUE           TYPE          NAME
  ----------------------------------

  -------         MODULE        GPIO
  C:0000H         SYMBOL        _ICE_DUMMY_
  D:0092H         PUBLIC        P1M0
  D:0093H         PUBLIC        P0M1
  D:0096H         PUBLIC        P2M0
  D:0091H         PUBLIC        P1M1
  D:0080H         PUBLIC        P0
  D:00B2H         PUBLIC        P3M0
  D:0095H         PUBLIC        P2M1
  D:0090H         PUBLIC        P1
  D:00B4H         PUBLIC        P4M0
  D:00B1H         PUBLIC        P3M1
  D:00A0H         PUBLIC        P2
  D:00CAH         PUBLIC        P5M0
  D:00B3H         PUBLIC        P4M1
  D:00B0H         PUBLIC        P3
  D:00C9H         PUBLIC        P5M1
  D:00C0H         PUBLIC        P4
  D:00C8H         PUBLIC        P5
  D:00E8H         PUBLIC        P6
  D:00F8H         PUBLIC        P7
  D:00A8H         PUBLIC        IE
  D:00B8H         PUBLIC        IP
  D:00D8H         PUBLIC        CCON
  D:0098H         PUBLIC        SCON
  D:0088H         PUBLIC        TCON
  C:672CH         PUBLIC        _GPIO_Inilize
BL51 BANKED LINKER/LOCATER V6.22                                                      11/15/2022  13:44:48  PAGE 12


  D:00D0H         PUBLIC        PSW
  D:0094H         PUBLIC        P0M0
  -------         PROC          _GPIO_INILIZE
  D:0007H         SYMBOL        GPIO
  D:0001H         SYMBOL        GPIOx
  C:672CH         LINE#         10
  C:672CH         LINE#         11
  C:672CH         LINE#         12
  C:6735H         LINE#         13
  C:6741H         LINE#         14
  C:6744H         LINE#         15
  C:6744H         LINE#         16
  C:6752H         LINE#         17
  C:6763H         LINE#         18
  C:6774H         LINE#         19
  C:6785H         LINE#         20
  C:6785H         LINE#         21
  C:678AH         LINE#         22
  C:678AH         LINE#         23
  C:679BH         LINE#         24
  C:67AAH         LINE#         25
  C:67BAH         LINE#         26
  C:67CDH         LINE#         27
  C:67CDH         LINE#         28
  C:67D2H         LINE#         29
  C:67D2H         LINE#         30
  C:67E3H         LINE#         31
  C:67F2H         LINE#         32
  C:6802H         LINE#         33
  C:6815H         LINE#         34
  C:6815H         LINE#         35
  C:681AH         LINE#         36
  C:681AH         LINE#         37
  C:682BH         LINE#         38
  C:683AH         LINE#         39
  C:684AH         LINE#         40
  C:685DH         LINE#         41
  C:685DH         LINE#         42
  C:6862H         LINE#         43
  C:6862H         LINE#         44
  C:6873H         LINE#         45
  C:6882H         LINE#         46
  C:6892H         LINE#         47
  C:68A5H         LINE#         48
  C:68A5H         LINE#         49
  C:68AAH         LINE#         50
  C:68AAH         LINE#         51
  C:68BBH         LINE#         52
  C:68CAH         LINE#         53
  C:68DAH         LINE#         54
  C:68EDH         LINE#         55
  C:68EDH         LINE#         56
  C:68EFH         LINE#         57
  -------         ENDPROC       _GPIO_INILIZE
  -------         ENDMOD        GPIO

  -------         MODULE        FLASH
BL51 BANKED LINKER/LOCATER V6.22                                                      11/15/2022  13:44:48  PAGE 13


  C:0000H         SYMBOL        _ICE_DUMMY_
  D:0080H         PUBLIC        P0
  D:0090H         PUBLIC        P1
  D:00A0H         PUBLIC        P2
  D:00B0H         PUBLIC        P3
  C:84C5H         PUBLIC        _IapEraseSector
  D:00C0H         PUBLIC        P4
  D:00C8H         PUBLIC        P5
  D:00E8H         PUBLIC        P6
  D:00F8H         PUBLIC        P7
  D:00A8H         PUBLIC        IE
  D:00C5H         PUBLIC        IAP_CMD
  D:00B8H         PUBLIC        IP
  C:854EH         SYMBOL        IapIdle
  D:00C3H         PUBLIC        IAP_ADDRH
  D:00D8H         PUBLIC        CCON
  D:00C4H         PUBLIC        IAP_ADDRL
  C:842BH         PUBLIC        _IapReadByte
  D:0098H         PUBLIC        SCON
  D:0088H         PUBLIC        TCON
  C:8459H         PUBLIC        _IapWriteByte
  D:00C7H         PUBLIC        IAP_CONTR
  D:00C2H         PUBLIC        IAP_DATA
  D:00C6H         PUBLIC        IAP_TRIG
  D:00D0H         PUBLIC        PSW
  -------         PROC          IAPIDLE
  C:854EH         LINE#         19
  C:854EH         LINE#         20
  C:854EH         LINE#         21
  C:8551H         LINE#         22
  C:8553H         LINE#         23
  C:8555H         LINE#         24
  C:8558H         LINE#         25
  C:855AH         LINE#         26
  -------         ENDPROC       IAPIDLE
  -------         PROC          _IAPREADBYTE
  D:0006H         SYMBOL        addr
  -------         DO            
  D:0007H         SYMBOL        dat
  -------         ENDDO         
  C:842BH         LINE#         31
  C:842BH         LINE#         32
  C:842BH         LINE#         35
  C:842EH         LINE#         36
  C:8431H         LINE#         37
  C:8433H         LINE#         38
  C:8435H         LINE#         39
  C:8438H         LINE#         40
  C:843BH         LINE#         41
  C:843CH         LINE#         42
  C:843EH         LINE#         43
  C:8441H         LINE#         44
  C:8441H         LINE#         45
  -------         ENDPROC       _IAPREADBYTE
  -------         PROC          _IAPWRITEBYTE
  D:0006H         SYMBOL        addr
  D:0005H         SYMBOL        dat
BL51 BANKED LINKER/LOCATER V6.22                                                      11/15/2022  13:44:48  PAGE 14


  C:8459H         LINE#         50
  C:8459H         LINE#         51
  C:8459H         LINE#         52
  C:845CH         LINE#         53
  C:845FH         LINE#         54
  C:8461H         LINE#         55
  C:8463H         LINE#         56
  C:8465H         LINE#         57
  C:8468H         LINE#         58
  C:846BH         LINE#         59
  C:846CH         LINE#         60
  -------         ENDPROC       _IAPWRITEBYTE
  -------         PROC          _IAPERASESECTOR
  D:0006H         SYMBOL        addr
  C:84C5H         LINE#         66
  C:84C5H         LINE#         67
  C:84C5H         LINE#         68
  C:84C8H         LINE#         69
  C:84CBH         LINE#         70
  C:84CDH         LINE#         71
  C:84CFH         LINE#         72
  C:84D2H         LINE#         73
  C:84D5H         LINE#         74
  C:84D6H         LINE#         75
  -------         ENDPROC       _IAPERASESECTOR
  -------         ENDMOD        FLASH

  -------         MODULE        USART
  C:0000H         SYMBOL        _ICE_DUMMY_
  D:0080H         PUBLIC        P0
  D:0090H         PUBLIC        P1
  D:00A0H         PUBLIC        P2
  D:00B0H         PUBLIC        P3
  D:00C0H         PUBLIC        P4
  D:00C8H         PUBLIC        P5
  D:00E8H         PUBLIC        P6
  D:00F8H         PUBLIC        P7
  D:00A8H         PUBLIC        IE
  B:00A8H.4       PUBLIC        ES
  D:00B8H         PUBLIC        IP
  C:6BB6H         PUBLIC        _USART_ReadRxBuffer
  B:0098H.0       PUBLIC        RI
  C:7190H         PUBLIC        UART3_int
  C:7296H         PUBLIC        UART4_int
  D:00D8H         PUBLIC        CCON
  D:0099H         PUBLIC        SBUF
  D:0087H         PUBLIC        PCON
  X:0000H         PUBLIC        Msg_RX
  D:0098H         PUBLIC        SCON
  D:0089H         PUBLIC        TMOD
  D:0088H         PUBLIC        TCON
  C:739CH         PUBLIC        _USART_ClearMsgQueueRxBuffer
  D:00AFH         PUBLIC        IE2
  D:008EH         PUBLIC        AUXR
  B:00A8H.3       PUBLIC        ET1
  D:008DH         PUBLIC        TH1
  D:00D6H         PUBLIC        T2H
BL51 BANKED LINKER/LOCATER V6.22                                                      11/15/2022  13:44:48  PAGE 15


  D:00D4H         PUBLIC        T3H
  D:00D2H         PUBLIC        T4H
  D:008BH         PUBLIC        TL1
  D:00D7H         PUBLIC        T2L
  C:481AH         PUBLIC        _USART_Configuration
  D:00D5H         PUBLIC        T3L
  D:00D3H         PUBLIC        T4L
  B:0088H.6       PUBLIC        TR1
  D:00D1H         PUBLIC        T4T3M
  C:75A1H         PUBLIC        int_4
  X:0034H         PUBLIC        Msg_Rx1Buffer
  D:009BH         PUBLIC        S2BUF
  C:708AH         PUBLIC        int_8
  X:00B4H         PUBLIC        Msg_Rx2Buffer
  D:00ADH         PUBLIC        S3BUF
  X:0134H         PUBLIC        Msg_Rx3Buffer
  D:0085H         PUBLIC        S4BUF
  X:0328H         PUBLIC        Msg_Rx4Buffer
  D:009AH         PUBLIC        S2CON
  D:00ACH         PUBLIC        S3CON
  D:0084H         PUBLIC        S4CON
  D:00D0H         PUBLIC        PSW
  -------         PROC          _USART_CONFIGURATION
  D:0044H         SYMBOL        UARTx
  D:0045H         SYMBOL        COMx
  -------         DO            
  D:0048H         SYMBOL        i
  -------         ENDDO         
  C:481AH         LINE#         53
  C:4822H         LINE#         54
  C:4822H         LINE#         55
  C:4825H         LINE#         56
  C:482EH         LINE#         57
  C:482EH         LINE#         58
  C:4847H         LINE#         59
  C:4860H         LINE#         60
  C:488CH         LINE#         61
  C:48B8H         LINE#         62
  C:48C8H         LINE#         63
  C:48D5H         LINE#         64
  C:48E5H         LINE#         65
  C:48E5H         LINE#         66
  C:48E8H         LINE#         67
  C:48EBH         LINE#         68
  C:48EEH         LINE#         69
  C:48F1H         LINE#         70
  C:48F4H         LINE#         71
  C:48F7H         LINE#         72
  C:490DH         LINE#         73
  C:490FH         LINE#         74
  C:4911H         LINE#         75
  C:4913H         LINE#         76
  C:4913H         LINE#         77
  C:4915H         LINE#         78
  C:4925H         LINE#         79
  C:4925H         LINE#         81
  C:4928H         LINE#         82
BL51 BANKED LINKER/LOCATER V6.22                                                      11/15/2022  13:44:48  PAGE 16


  C:492BH         LINE#         83
  C:492EH         LINE#         84
  C:4945H         LINE#         85
  C:4972H         LINE#         86
  C:4975H         LINE#         87
  C:4985H         LINE#         99
  C:4985H         LINE#         101
  C:4985H         LINE#         102
  C:498EH         LINE#         103
  C:498EH         LINE#         104
  C:49A8H         LINE#         105
  C:49C2H         LINE#         106
  C:49F0H         LINE#         107
  C:4A1EH         LINE#         108
  C:4A2FH         LINE#         109
  C:4A3CH         LINE#         112
  C:4A3FH         LINE#         113
  C:4A42H         LINE#         114
  C:4A5FH         LINE#         115
  C:4A8CH         LINE#         116
  C:4A8FH         LINE#         117
  C:4A9DH         LINE#         128
  C:4A9DH         LINE#         130
  C:4AA6H         LINE#         131
  C:4AA6H         LINE#         132
  C:4AC0H         LINE#         133
  C:4ADAH         LINE#         134
  C:4B08H         LINE#         135
  C:4B36H         LINE#         136
  C:4B47H         LINE#         137
  C:4B55H         LINE#         138
  C:4B65H         LINE#         139
  C:4B65H         LINE#         140
  C:4B68H         LINE#         141
  C:4B6BH         LINE#         142
  C:4B6EH         LINE#         143
  C:4B85H         LINE#         144
  C:4BB2H         LINE#         145
  C:4BB5H         LINE#         146
  C:4BB5H         LINE#         147
  C:4BB7H         LINE#         148
  C:4BC7H         LINE#         149
  C:4BC7H         LINE#         150
  C:4BCAH         LINE#         151
  C:4BCDH         LINE#         152
  C:4BD0H         LINE#         153
  C:4BE7H         LINE#         154
  C:4C14H         LINE#         155
  C:4C17H         LINE#         156
  C:4C2AH         LINE#         157
  C:4C2AH         LINE#         159
  C:4C2AH         LINE#         160
  C:4C33H         LINE#         161
  C:4C33H         LINE#         162
  C:4C4DH         LINE#         163
  C:4C67H         LINE#         164
  C:4C95H         LINE#         165
BL51 BANKED LINKER/LOCATER V6.22                                                      11/15/2022  13:44:48  PAGE 17


  C:4CC3H         LINE#         166
  C:4CD4H         LINE#         167
  C:4CE1H         LINE#         168
  C:4CF1H         LINE#         169
  C:4CF1H         LINE#         170
  C:4CF4H         LINE#         171
  C:4CF7H         LINE#         172
  C:4CFAH         LINE#         173
  C:4D11H         LINE#         174
  C:4D3EH         LINE#         175
  C:4D41H         LINE#         176
  C:4D41H         LINE#         177
  C:4D43H         LINE#         178
  C:4D53H         LINE#         179
  C:4D53H         LINE#         180
  C:4D56H         LINE#         181
  C:4D59H         LINE#         182
  C:4D5CH         LINE#         183
  C:4D73H         LINE#         184
  C:4DA0H         LINE#         185
  C:4DA3H         LINE#         186
  C:4DB4H         LINE#         187
  C:4DB4H         LINE#         188
  C:4DB4H         LINE#         191
  -------         ENDPROC       _USART_CONFIGURATION
  -------         PROC          INT_4
  C:75A1H         LINE#         193
  C:75B6H         LINE#         195
  C:75BCH         LINE#         196
  C:75BCH         LINE#         197
  C:75BEH         LINE#         198
  C:75EEH         LINE#         199
  C:75EEH         LINE#         201
  C:7603H         LINE#         202
  C:7618H         LINE#         203
  C:761DH         LINE#         204
  C:761DH         LINE#         205
  C:764FH         LINE#         206
  C:764FH         LINE#         207
  C:765CH         LINE#         208
  C:7671H         LINE#         209
  C:7677H         LINE#         210
  C:7679H         LINE#         212
  C:7679H         LINE#         213
  C:768BH         LINE#         214
  C:768BH         LINE#         216
  C:768BH         LINE#         217
  -------         ENDPROC       INT_4
  -------         PROC          INT_8
  C:708AH         LINE#         219
  C:709FH         LINE#         221
  C:70A7H         LINE#         222
  C:70A7H         LINE#         223
  C:70AAH         LINE#         224
  C:70E0H         LINE#         225
  C:70E0H         LINE#         226
  C:70F5H         LINE#         227
BL51 BANKED LINKER/LOCATER V6.22                                                      11/15/2022  13:44:48  PAGE 18


  C:710AH         LINE#         228
  C:710FH         LINE#         229
  C:710FH         LINE#         230
  C:7141H         LINE#         231
  C:7141H         LINE#         232
  C:714EH         LINE#         233
  C:7163H         LINE#         234
  C:7169H         LINE#         235
  C:716BH         LINE#         237
  C:716BH         LINE#         238
  C:717DH         LINE#         239
  C:717DH         LINE#         240
  C:717DH         LINE#         242
  -------         ENDPROC       INT_8
  -------         PROC          UART3_INT
  C:7190H         LINE#         248
  C:71A5H         LINE#         250
  C:71ADH         LINE#         251
  C:71ADH         LINE#         252
  C:71B0H         LINE#         253
  C:71E6H         LINE#         254
  C:71E6H         LINE#         255
  C:71FBH         LINE#         256
  C:7210H         LINE#         257
  C:7215H         LINE#         258
  C:7215H         LINE#         259
  C:7247H         LINE#         260
  C:7247H         LINE#         261
  C:7254H         LINE#         262
  C:7269H         LINE#         263
  C:726FH         LINE#         264
  C:7271H         LINE#         266
  C:7271H         LINE#         267
  C:7283H         LINE#         268
  C:7283H         LINE#         269
  C:7283H         LINE#         271
  -------         ENDPROC       UART3_INT
  -------         PROC          UART4_INT
  C:7296H         LINE#         277
  C:72ABH         LINE#         279
  C:72B3H         LINE#         280
  C:72B3H         LINE#         281
  C:72B6H         LINE#         282
  C:72ECH         LINE#         283
  C:72ECH         LINE#         284
  C:7301H         LINE#         285
  C:7316H         LINE#         286
  C:731BH         LINE#         287
  C:731BH         LINE#         288
  C:734DH         LINE#         289
  C:734DH         LINE#         290
  C:735AH         LINE#         291
  C:736FH         LINE#         292
  C:7375H         LINE#         293
  C:7377H         LINE#         295
  C:7377H         LINE#         296
  C:7389H         LINE#         297
BL51 BANKED LINKER/LOCATER V6.22                                                      11/15/2022  13:44:48  PAGE 19


  C:7389H         LINE#         298
  C:7389H         LINE#         300
  -------         ENDPROC       UART4_INT
  -------         PROC          _USART_READRXBUFFER
  D:0007H         SYMBOL        UARTx
  D:0048H         SYMBOL        pbuffer
  D:004BH         SYMBOL        Buflenth
  -------         DO            
  D:004DH         SYMBOL        pIn
  D:0050H         SYMBOL        pOut
  X:0DA6H         SYMBOL        lenth
  X:0DA8H         SYMBOL        ptemp
  -------         ENDDO         
  C:6BB6H         LINE#         309
  C:6BBCH         LINE#         310
  C:6BBCH         LINE#         311
  C:6BD7H         LINE#         312
  C:6BF2H         LINE#         313
  C:6BF9H         LINE#         314
  C:6C04H         LINE#         316
  C:6C1FH         LINE#         317
  C:6C1FH         LINE#         318
  C:6C2DH         LINE#         319
  C:6C3FH         LINE#         320
  C:6C3FH         LINE#         321
  C:6C6AH         LINE#         322
  C:6C6AH         LINE#         323
  C:6C86H         LINE#         324
  C:6CA1H         LINE#         325
  C:6CB1H         LINE#         326
  C:6CB4H         LINE#         328
  C:6CB4H         LINE#         329
  C:6CD8H         LINE#         330
  C:6CD8H         LINE#         335
  C:6CDBH         LINE#         337
  C:6CDBH         LINE#         341
  C:6CDBH         LINE#         342
  C:6CDBH         LINE#         343
  C:6CDBH         LINE#         344
  C:6CF4H         LINE#         345
  C:6CFCH         LINE#         347
  -------         ENDPROC       _USART_READRXBUFFER
  -------         PROC          _USART_CLEARMSGQUEUERXBUFFER
  D:002CH         SYMBOL        UARTx
  -------         DO            
  D:0006H         SYMBOL        Bufferlenth
  -------         ENDDO         
  C:739CH         LINE#         355
  C:739EH         LINE#         356
  C:739EH         LINE#         357
  C:739EH         LINE#         359
  C:73B1H         LINE#         360
  C:73B1H         LINE#         361
  C:73B1H         LINE#         362
  C:73B3H         LINE#         363
  C:73B5H         LINE#         364
  C:73B5H         LINE#         365
BL51 BANKED LINKER/LOCATER V6.22                                                      11/15/2022  13:44:48  PAGE 20


  C:73B8H         LINE#         366
  C:73BAH         LINE#         368
  C:73BAH         LINE#         369
  C:73BDH         LINE#         370
  C:73BFH         LINE#         371
  C:73BFH         LINE#         372
  C:73C2H         LINE#         373
  C:73C2H         LINE#         375
  C:73C2H         LINE#         377
  C:73C2H         LINE#         379
  C:73F9H         LINE#         381
  C:7415H         LINE#         383
  C:7443H         LINE#         385
  C:7471H         LINE#         387
  C:7482H         LINE#         389
  C:7492H         LINE#         390
  C:7492H         LINE#         391
  C:7492H         LINE#         392
  C:7494H         LINE#         393
  C:7495H         LINE#         394
  C:7495H         LINE#         395
  C:7498H         LINE#         396
  C:7499H         LINE#         398
  C:7499H         LINE#         399
  C:749CH         LINE#         400
  C:749DH         LINE#         401
  C:749DH         LINE#         402
  C:74A0H         LINE#         403
  C:74A0H         LINE#         404
  C:74A0H         LINE#         407
  C:74A0H         LINE#         409
  -------         ENDPROC       _USART_CLEARMSGQUEUERXBUFFER
  -------         ENDMOD        USART

  -------         MODULE        TIMER
  C:0000H         SYMBOL        _ICE_DUMMY_
  D:0080H         PUBLIC        P0
  D:0090H         PUBLIC        P1
  D:00A0H         PUBLIC        P2
  D:00B0H         PUBLIC        P3
  D:00C0H         PUBLIC        P4
  D:00C8H         PUBLIC        P5
  D:00E8H         PUBLIC        P6
  D:00F8H         PUBLIC        P7
  D:00A8H         PUBLIC        IE
  D:00B8H         PUBLIC        IP
  D:00D8H         PUBLIC        CCON
  D:0098H         PUBLIC        SCON
  D:0088H         PUBLIC        TCON
  D:00D0H         PUBLIC        PSW
  -------         ENDMOD        TIMER

  -------         MODULE        BSP
  C:0000H         SYMBOL        _ICE_DUMMY_
  D:0080H         PUBLIC        P0
  D:0090H         PUBLIC        P1
  D:00A0H         PUBLIC        P2
BL51 BANKED LINKER/LOCATER V6.22                                                      11/15/2022  13:44:48  PAGE 21


  D:00B0H         PUBLIC        P3
  D:00C0H         PUBLIC        P4
  D:00C8H         PUBLIC        P5
  B:00A8H.7       PUBLIC        EA
  D:00E8H         PUBLIC        P6
  D:00F8H         PUBLIC        P7
  D:00A8H         PUBLIC        IE
  D:00B8H         PUBLIC        IP
  D:00D8H         PUBLIC        CCON
  D:0098H         PUBLIC        SCON
  D:0088H         PUBLIC        TCON
  C:8029H         PUBLIC        BSP_Init
  D:00D0H         PUBLIC        PSW
  -------         PROC          BSP_INIT
  C:8029H         LINE#         9
  C:8029H         LINE#         10
  C:8029H         LINE#         12
  C:802CH         LINE#         15
  C:803DH         LINE#         18
  C:804EH         LINE#         24
  C:805DH         LINE#         28
  C:806EH         LINE#         44
  C:807FH         LINE#         58
  C:8082H         LINE#         61
  C:8084H         LINE#         64
  -------         ENDPROC       BSP_INIT
  -------         ENDMOD        BSP

  -------         MODULE        BSP_GPIO
  C:0000H         SYMBOL        _ICE_DUMMY_
  D:0080H         PUBLIC        P0
  D:0090H         PUBLIC        P1
  D:00A0H         PUBLIC        P2
  C:769EH         SYMBOL        _BSP_GetGpioStatus
  D:00B0H         PUBLIC        P3
  D:00C0H         PUBLIC        P4
  D:00C8H         PUBLIC        P5
  D:00E8H         PUBLIC        P6
  D:00F8H         PUBLIC        P7
  D:00A8H         PUBLIC        IE
  D:00B8H         PUBLIC        IP
  D:00D8H         PUBLIC        CCON
  B:00A0H.0       PUBLIC        P20
  B:0080H.2       PUBLIC        P02
  B:00A0H.1       PUBLIC        P21
  B:0090H.2       PUBLIC        P12
  B:0080H.3       PUBLIC        P03
  D:0098H         PUBLIC        SCON
  B:00A0H.2       PUBLIC        P22
  B:0090H.3       PUBLIC        P13
  B:0080H.4       PUBLIC        P04
  X:0D29H         PUBLIC        pgxd
  C:6A67H         PUBLIC        _BSP_ReadMultipleDataBit
  D:0089H         PUBLIC        TMOD
  D:0088H         PUBLIC        TCON
  B:00C0H.1       PUBLIC        P41
  B:00B0H.2       PUBLIC        P32
BL51 BANKED LINKER/LOCATER V6.22                                                      11/15/2022  13:44:48  PAGE 22


  B:00A0H.3       PUBLIC        P23
  B:0090H.4       PUBLIC        P14
  B:0080H.5       PUBLIC        P05
  B:00C0H.2       PUBLIC        P42
  B:00B0H.3       PUBLIC        P33
  B:00A0H.4       PUBLIC        P24
  B:0090H.5       PUBLIC        P15
  B:0080H.6       PUBLIC        P06
  B:00B0H.4       PUBLIC        P34
  B:00A0H.5       PUBLIC        P25
  B:0080H.7       PUBLIC        P07
  B:00C0H.4       PUBLIC        P44
  B:00B0H.5       PUBLIC        P35
  B:00A0H.6       PUBLIC        P26
  B:00C8H.4       PUBLIC        P54
  B:00C0H.5       PUBLIC        P45
  B:00B0H.6       PUBLIC        P36
  B:00A0H.7       PUBLIC        P27
  B:00C8H.5       PUBLIC        P55
  B:00B0H.7       PUBLIC        P37
  C:85CDH         PUBLIC        BSP_ZhuansuCount_Init
  D:008CH         PUBLIC        TH0
  D:008AH         PUBLIC        TL0
  B:0088H.4       PUBLIC        TR0
  C:8278H         PUBLIC        BSP_GPIO_Init
  C:7AC6H         PUBLIC        _BSP_ReadInputDataBit
  C:68F0H         PUBLIC        _BSP_ReadBumpDataBit
  D:00D0H         PUBLIC        PSW
  -------         PROC          BSP_GPIO_INIT
  -------         DO            
  D:0022H         SYMBOL        GPIO_InitStructure
  -------         ENDDO         
  C:8278H         LINE#         14
  C:8278H         LINE#         15
  C:8278H         LINE#         18
  C:827BH         LINE#         19
  C:827EH         LINE#         21
  C:8287H         LINE#         22
  C:8292H         LINE#         23
  C:829DH         LINE#         24
  C:82A8H         LINE#         25
  -------         ENDPROC       BSP_GPIO_INIT
  -------         PROC          BSP_ZHUANSUCOUNT_INIT
  C:85CDH         LINE#         33
  C:85CDH         LINE#         34
  C:85CDH         LINE#         35
  C:85D0H         LINE#         36
  C:85D3H         LINE#         37
  C:85D5H         LINE#         38
  C:85D7H         LINE#         39
  -------         ENDPROC       BSP_ZHUANSUCOUNT_INIT
  -------         PROC          _BSP_GETGPIOSTATUS
  D:0007H         SYMBOL        pin
  C:769EH         LINE#         47
  C:769EH         LINE#         48
  C:769EH         LINE#         49
  C:7713H         LINE#         50
BL51 BANKED LINKER/LOCATER V6.22                                                      11/15/2022  13:44:48  PAGE 23


  C:7713H         LINE#         89
  C:7717H         LINE#         90
  C:771BH         LINE#         91
  C:771FH         LINE#         92
  C:7723H         LINE#         93
  C:7727H         LINE#         94
  C:772BH         LINE#         95
  C:772FH         LINE#         96
  C:7733H         LINE#         97
  C:7737H         LINE#         98
  C:773BH         LINE#         99
  C:773FH         LINE#         100
  C:7743H         LINE#         101
  C:7747H         LINE#         102
  C:774BH         LINE#         103
  C:774FH         LINE#         104
  C:7753H         LINE#         105
  C:7757H         LINE#         106
  C:775BH         LINE#         107
  C:775FH         LINE#         108
  C:7763H         LINE#         109
  C:7767H         LINE#         110
  C:776BH         LINE#         111
  C:776FH         LINE#         112
  C:7773H         LINE#         113
  C:7777H         LINE#         114
  C:777BH         LINE#         115
  C:777FH         LINE#         116
  C:7783H         LINE#         117
  C:7787H         LINE#         118
  C:7789H         LINE#         119
  C:778DH         LINE#         122
  C:778DH         LINE#         123
  C:778FH         LINE#         124
  C:778FH         LINE#         125
  -------         ENDPROC       _BSP_GETGPIOSTATUS
  -------         PROC          _BSP_READINPUTDATABIT
  D:0001H         SYMBOL        pSignal
  -------         DO            
  X:0D7FH         SYMBOL        status
  X:0D80H         SYMBOL        signalstatus
  -------         ENDDO         
  C:7AC6H         LINE#         133
  C:7AC6H         LINE#         134
  C:7AC6H         LINE#         135
  C:7ACBH         LINE#         136
  C:7AD7H         LINE#         137
  C:7AE7H         LINE#         139
  C:7AEFH         LINE#         140
  C:7AEFH         LINE#         141
  C:7AFDH         LINE#         142
  C:7AFDH         LINE#         143
  C:7B00H         LINE#         144
  C:7B00H         LINE#         145
  C:7B02H         LINE#         146
  C:7B13H         LINE#         147
  C:7B13H         LINE#         148
BL51 BANKED LINKER/LOCATER V6.22                                                      11/15/2022  13:44:48  PAGE 24


  C:7B1BH         LINE#         149
  C:7B1BH         LINE#         150
  C:7B1DH         LINE#         152
  C:7B1DH         LINE#         153
  C:7B22H         LINE#         154
  C:7B22H         LINE#         155
  C:7B22H         LINE#         156
  C:7B24H         LINE#         158
  C:7B24H         LINE#         159
  C:7B32H         LINE#         160
  C:7B32H         LINE#         161
  C:7B39H         LINE#         162
  C:7B39H         LINE#         163
  C:7B3BH         LINE#         164
  C:7B4CH         LINE#         165
  C:7B4CH         LINE#         166
  C:7B54H         LINE#         167
  C:7B59H         LINE#         168
  C:7B5BH         LINE#         170
  C:7B5BH         LINE#         171
  C:7B62H         LINE#         172
  C:7B68H         LINE#         173
  C:7B68H         LINE#         174
  C:7B68H         LINE#         184
  C:7B6DH         LINE#         185
  -------         ENDPROC       _BSP_READINPUTDATABIT
  -------         PROC          _BSP_READMULTIPLEDATABIT
  D:002CH         SYMBOL        pSignal
  D:002FH         SYMBOL        offset
  -------         DO            
  X:0D82H         SYMBOL        pin
  X:0D83H         SYMBOL        status
  X:0D84H         SYMBOL        signalstatus
  X:0D85H         SYMBOL        flag
  -------         ENDDO         
  C:6A67H         LINE#         193
  C:6A6FH         LINE#         194
  C:6A6FH         LINE#         195
  C:6A83H         LINE#         196
  C:6A86H         LINE#         197
  C:6A8EH         LINE#         198
  C:6A91H         LINE#         200
  C:6AB2H         LINE#         202
  C:6AC7H         LINE#         204
  C:6ADDH         LINE#         206
  C:6AE3H         LINE#         207
  C:6AE3H         LINE#         208
  C:6AF7H         LINE#         209
  C:6AF7H         LINE#         210
  C:6AFEH         LINE#         211
  C:6AFEH         LINE#         212
  C:6B00H         LINE#         213
  C:6B11H         LINE#         214
  C:6B11H         LINE#         215
  C:6B1FH         LINE#         216
  C:6B25H         LINE#         217
  C:6B27H         LINE#         219
BL51 BANKED LINKER/LOCATER V6.22                                                      11/15/2022  13:44:48  PAGE 25


  C:6B27H         LINE#         220
  C:6B2DH         LINE#         221
  C:6B2DH         LINE#         222
  C:6B2DH         LINE#         223
  C:6B2FH         LINE#         225
  C:6B2FH         LINE#         226
  C:6B43H         LINE#         227
  C:6B43H         LINE#         228
  C:6B4AH         LINE#         229
  C:6B4AH         LINE#         230
  C:6B4CH         LINE#         231
  C:6B5DH         LINE#         232
  C:6B5DH         LINE#         233
  C:6B6BH         LINE#         234
  C:6B70H         LINE#         235
  C:6B72H         LINE#         237
  C:6B72H         LINE#         238
  C:6B77H         LINE#         239
  C:6B7CH         LINE#         240
  C:6B7CH         LINE#         241
  C:6B7CH         LINE#         252
  C:6B8FH         LINE#         254
  C:6BB0H         LINE#         256
  C:6BB5H         LINE#         257
  -------         ENDPROC       _BSP_READMULTIPLEDATABIT
  -------         PROC          _BSP_READBUMPDATABIT
  D:0001H         SYMBOL        pSignal
  D:002FH         SYMBOL        group
  D:0030H         SYMBOL        valuebit
  D:0031H         SYMBOL        offset
  -------         DO            
  X:0D82H         SYMBOL        status
  X:0D83H         SYMBOL        signalstatus
  X:0D84H         SYMBOL        flag
  -------         ENDDO         
  C:68F0H         LINE#         266
  C:68F2H         LINE#         267
  C:68F2H         LINE#         268
  C:68F7H         LINE#         269
  C:68FBH         LINE#         271
  C:68FEH         LINE#         273
  C:6923H         LINE#         275
  C:6944H         LINE#         277
  C:6954H         LINE#         279
  C:695AH         LINE#         280
  C:695AH         LINE#         281
  C:6961H         LINE#         282
  C:6961H         LINE#         283
  C:6968H         LINE#         284
  C:6968H         LINE#         285
  C:696AH         LINE#         286
  C:697BH         LINE#         287
  C:697BH         LINE#         288
  C:6983H         LINE#         289
  C:6989H         LINE#         290
  C:698BH         LINE#         292
  C:698BH         LINE#         293
BL51 BANKED LINKER/LOCATER V6.22                                                      11/15/2022  13:44:48  PAGE 26


  C:6991H         LINE#         294
  C:6991H         LINE#         295
  C:6991H         LINE#         296
  C:6993H         LINE#         298
  C:6993H         LINE#         299
  C:699BH         LINE#         300
  C:699BH         LINE#         301
  C:69A2H         LINE#         302
  C:69A2H         LINE#         303
  C:69A4H         LINE#         304
  C:69B5H         LINE#         305
  C:69B5H         LINE#         306
  C:69BDH         LINE#         307
  C:69C2H         LINE#         308
  C:69C4H         LINE#         310
  C:69C4H         LINE#         311
  C:69C9H         LINE#         312
  C:69CEH         LINE#         313
  C:69CEH         LINE#         314
  C:69CEH         LINE#         326
  C:69F1H         LINE#         328
  C:69F7H         LINE#         329
  C:69F7H         LINE#         330
  C:6A27H         LINE#         331
  C:6A29H         LINE#         333
  C:6A61H         LINE#         335
  C:6A66H         LINE#         336
  -------         ENDPROC       _BSP_READBUMPDATABIT
  -------         ENDMOD        BSP_GPIO

  -------         MODULE        BSP_USART
  C:0000H         SYMBOL        _ICE_DUMMY_
  C:6363H         PUBLIC        _BSP_GetFormatRxBuffer
  D:0080H         PUBLIC        P0
  D:0090H         PUBLIC        P1
  D:00A0H         PUBLIC        P2
  D:00B0H         PUBLIC        P3
  D:00C0H         PUBLIC        P4
  D:00C8H         PUBLIC        P5
  D:00E8H         PUBLIC        P6
  D:00F8H         PUBLIC        P7
  D:00A8H         PUBLIC        IE
  D:00B8H         PUBLIC        IP
  B:0098H.1       PUBLIC        TI
  D:00D8H         PUBLIC        CCON
  C:5F1CH         PUBLIC        _BSP_GetUsartRxBuffer
  D:0099H         PUBLIC        SBUF
  D:0098H         PUBLIC        SCON
  D:0088H         PUBLIC        TCON
  X:03A8H         PUBLIC        Rx1_Buffer
  X:0428H         PUBLIC        Rx2_Buffer
  X:04A8H         PUBLIC        Rx3_Buffer
  X:06A8H         PUBLIC        Rx4_Buffer
  C:8239H         SYMBOL        _WaitForTISignal
  C:8026H         SYMBOL        _?ix1000
  C:7E43H         PUBLIC        _HextoStr
  X:0728H         PUBLIC        Rx
BL51 BANKED LINKER/LOCATER V6.22                                                      11/15/2022  13:44:48  PAGE 27


  C:5CCBH         PUBLIC        _BSP_Usart_Init
  D:009BH         PUBLIC        S2BUF
  D:00ADH         PUBLIC        S3BUF
  D:0085H         PUBLIC        S4BUF
  D:009AH         PUBLIC        S2CON
  D:00ACH         PUBLIC        S3CON
  D:0084H         PUBLIC        S4CON
  C:7C0FH         PUBLIC        _BSP_ClearUsartRxBuffer
  C:8407H         PUBLIC        _USART_SendData
  D:00D0H         PUBLIC        PSW
  C:85A9H         PUBLIC        _putchar
  C:838BH         PUBLIC        _USART_Sendbuffer
  -------         PROC          _PUTCHAR
  D:0063H         SYMBOL        ch
  C:85A9H         LINE#         53
  C:85ABH         LINE#         54
  C:85ABH         LINE#         55
  C:85B2H         LINE#         56
  C:85B4H         LINE#         57
  -------         ENDPROC       _PUTCHAR
  -------         PROC          _BSP_USART_INIT
  D:0035H         SYMBOL        USARTx
  D:0036H         SYMBOL        bote
  -------         DO            
  D:003AH         SYMBOL        COMx_InitStructure
  -------         ENDDO         
  C:5CCBH         LINE#         64
  C:5CCDH         LINE#         65
  C:5CCDH         LINE#         68
  C:5CD6H         LINE#         69
  C:5CD6H         LINE#         70
  C:5CEFH         LINE#         71
  C:5D08H         LINE#         72
  C:5D34H         LINE#         73
  C:5D44H         LINE#         74
  C:5D51H         LINE#         76
  C:5D54H         LINE#         77
  C:5D57H         LINE#         78
  C:5D60H         LINE#         79
  C:5D60H         LINE#         80
  C:5D7AH         LINE#         81
  C:5D94H         LINE#         82
  C:5DC2H         LINE#         83
  C:5DD3H         LINE#         84
  C:5DE0H         LINE#         86
  C:5DE3H         LINE#         87
  C:5DE6H         LINE#         89
  C:5DEFH         LINE#         90
  C:5DEFH         LINE#         91
  C:5E09H         LINE#         92
  C:5E23H         LINE#         93
  C:5E51H         LINE#         94
  C:5E62H         LINE#         95
  C:5E6FH         LINE#         97
  C:5E72H         LINE#         98
  C:5E75H         LINE#         99
  C:5E7EH         LINE#         100
BL51 BANKED LINKER/LOCATER V6.22                                                      11/15/2022  13:44:48  PAGE 28


  C:5E7EH         LINE#         101
  C:5E98H         LINE#         102
  C:5EB2H         LINE#         103
  C:5EE0H         LINE#         104
  C:5EF1H         LINE#         105
  C:5EFEH         LINE#         107
  C:5F01H         LINE#         108
  C:5F01H         LINE#         111
  C:5F01H         LINE#         113
  C:5F01H         LINE#         114
  C:5F0DH         LINE#         115
  C:5F10H         LINE#         116
  C:5F1BH         LINE#         117
  -------         ENDPROC       _BSP_USART_INIT
  -------         PROC          _BSP_GETUSARTRXBUFFER
  D:0041H         SYMBOL        USARTx
  D:0042H         SYMBOL        pRxBuffer
  D:0045H         SYMBOL        Rxlenth
  -------         DO            
  X:0DA0H         SYMBOL        remaindlen
  X:0DA2H         SYMBOL        lenth
  X:0DA4H         SYMBOL        i
  -------         ENDDO         
  C:5F1CH         LINE#         125
  C:5F24H         LINE#         126
  C:5F24H         LINE#         127
  C:5F2BH         LINE#         128
  C:5F2FH         LINE#         129
  C:5F33H         LINE#         132
  C:5F37H         LINE#         133
  C:5F37H         LINE#         134
  C:5F3AH         LINE#         135
  C:5F3AH         LINE#         137
  C:5F79H         LINE#         139
  C:5FA1H         LINE#         141
  C:5FD3H         LINE#         143
  C:600AH         LINE#         145
  C:604BH         LINE#         146
  C:604BH         LINE#         148
  C:6050H         LINE#         150
  C:605CH         LINE#         156
  C:6063H         LINE#         157
  C:6063H         LINE#         159
  C:6072H         LINE#         160
  C:6072H         LINE#         161
  C:6079H         LINE#         163
  C:6085H         LINE#         165
  C:609CH         LINE#         166
  C:609CH         LINE#         167
  C:60CDH         LINE#         168
  C:60DDH         LINE#         169
  C:60E2H         LINE#         170
  C:60E4H         LINE#         172
  C:60E4H         LINE#         173
  C:60FFH         LINE#         174
  C:60FFH         LINE#         175
  C:6130H         LINE#         176
BL51 BANKED LINKER/LOCATER V6.22                                                      11/15/2022  13:44:48  PAGE 29


  C:6140H         LINE#         178
  C:6140H         LINE#         180
  C:614AH         LINE#         182
  C:6152H         LINE#         184
  -------         ENDPROC       _BSP_GETUSARTRXBUFFER
  -------         PROC          _BSP_GETFORMATRXBUFFER
  D:0037H         SYMBOL        USARTx
  D:0038H         SYMBOL        pRxBuffer
  D:003BH         SYMBOL        Rxlenth
  D:003DH         SYMBOL        cutstr
  D:0040H         SYMBOL        cutlenth
  -------         DO            
  X:0D94H         SYMBOL        lenth
  X:0D96H         SYMBOL        pTemp
  X:0D99H         SYMBOL        pStart
  X:0D9CH         SYMBOL        pcutstr
  X:0D9FH         SYMBOL        i
  -------         ENDDO         
  C:6363H         LINE#         192
  C:636BH         LINE#         193
  C:636BH         LINE#         194
  C:6372H         LINE#         195
  C:637BH         LINE#         196
  C:6382H         LINE#         197
  C:638BH         LINE#         198
  C:638EH         LINE#         201
  C:6392H         LINE#         202
  C:6392H         LINE#         203
  C:6395H         LINE#         204
  C:6395H         LINE#         206
  C:63B0H         LINE#         208
  C:63D3H         LINE#         210
  C:63E1H         LINE#         211
  C:63E1H         LINE#         212
  C:63EFH         LINE#         216
  C:63F6H         LINE#         219
  C:63F9H         LINE#         220
  C:63F9H         LINE#         222
  C:640FH         LINE#         223
  C:640FH         LINE#         226
  C:642AH         LINE#         228
  C:642AH         LINE#         229
  C:6444H         LINE#         231
  C:6452H         LINE#         234
  C:6473H         LINE#         236
  C:6495H         LINE#         238
  C:64CAH         LINE#         239
  C:64CAH         LINE#         240
  C:64F2H         LINE#         241
  C:64F4H         LINE#         242
  C:6529H         LINE#         244
  C:654BH         LINE#         246
  C:6553H         LINE#         247
  -------         ENDPROC       _BSP_GETFORMATRXBUFFER
  -------         PROC          _BSP_CLEARUSARTRXBUFFER
  D:0047H         SYMBOL        USARTx
  -------         DO            
BL51 BANKED LINKER/LOCATER V6.22                                                      11/15/2022  13:44:48  PAGE 30


  X:0DA6H         SYMBOL        lenth
  -------         ENDDO         
  C:7C0FH         LINE#         254
  C:7C11H         LINE#         255
  C:7C11H         LINE#         256
  C:7C18H         LINE#         258
  C:7C1FH         LINE#         260
  C:7C5CH         LINE#         262
  C:7C80H         LINE#         264
  C:7CAEH         LINE#         269
  -------         ENDPROC       _BSP_CLEARUSARTRXBUFFER
  -------         PROC          _WAITFORTISIGNAL
  D:0007H         SYMBOL        USARTx
  C:8239H         LINE#         276
  C:8239H         LINE#         277
  C:8239H         LINE#         278
  C:823CH         LINE#         279
  C:823CH         LINE#         280
  C:823FH         LINE#         281
  C:8241H         LINE#         282
  C:8242H         LINE#         283
  C:8245H         LINE#         284
  C:8245H         LINE#         285
  C:824AH         LINE#         286
  C:824DH         LINE#         287
  C:824EH         LINE#         289
  C:8251H         LINE#         290
  C:8251H         LINE#         291
  C:825FH         LINE#         292
  C:8262H         LINE#         293
  C:8263H         LINE#         294
  C:8266H         LINE#         295
  C:8266H         LINE#         296
  C:8274H         LINE#         297
  C:8277H         LINE#         298
  C:8277H         LINE#         301
  C:8277H         LINE#         303
  C:8277H         LINE#         304
  -------         ENDPROC       _WAITFORTISIGNAL
  -------         PROC          _USART_SENDDATA
  D:0007H         SYMBOL        USARTx
  D:0005H         SYMBOL        ch
  C:8407H         LINE#         311
  C:8407H         LINE#         312
  C:8407H         LINE#         314
  C:840AH         LINE#         315
  C:840AH         LINE#         317
  C:840AH         LINE#         318
  C:8419H         LINE#         319
  C:8419H         LINE#         320
  C:8419H         LINE#         321
  C:841BH         LINE#         322
  C:841DH         LINE#         323
  C:841DH         LINE#         324
  C:841FH         LINE#         325
  C:8421H         LINE#         327
  C:8421H         LINE#         328
BL51 BANKED LINKER/LOCATER V6.22                                                      11/15/2022  13:44:48  PAGE 31


  C:8423H         LINE#         329
  C:8425H         LINE#         330
  C:8425H         LINE#         331
  C:8427H         LINE#         332
  C:8427H         LINE#         334
  C:8427H         LINE#         335
  C:8427H         LINE#         337
  C:8427H         LINE#         338
  C:842AH         LINE#         339
  -------         ENDPROC       _USART_SENDDATA
  -------         PROC          _USART_SENDBUFFER
  D:0035H         SYMBOL        USARTx
  D:0036H         SYMBOL        ch
  D:0039H         SYMBOL        lenth
  -------         DO            
  D:0004H         SYMBOL        i
  -------         ENDDO         
  C:838BH         LINE#         346
  C:8393H         LINE#         347
  C:8393H         LINE#         348
  C:8395H         LINE#         350
  C:839BH         LINE#         351
  C:839BH         LINE#         352
  C:83B2H         LINE#         353
  C:83B5H         LINE#         355
  -------         ENDPROC       _USART_SENDBUFFER
  -------         PROC          _HEXTOSTR
  D:0024H         SYMBOL        pbuffer
  D:0027H         SYMBOL        pStr
  D:002AH         SYMBOL        lenth
  -------         DO            
  D:002CH         SYMBOL        i
  D:002EH         SYMBOL        temp
  -------         ENDDO         
  C:7E43H         LINE#         383
  C:7E49H         LINE#         384
  C:7E49H         LINE#         385
  C:7E4EH         LINE#         386
  C:7E5FH         LINE#         387
  C:7E6FH         LINE#         388
  C:7E6FH         LINE#         389
  C:7E94H         LINE#         390
  C:7EA6H         LINE#         391
  C:7EB0H         LINE#         392
  -------         ENDPROC       _HEXTOSTR
  -------         ENDMOD        BSP_USART

  -------         MODULE        BSP_FLASH
  C:0000H         SYMBOL        _ICE_DUMMY_
  D:0080H         PUBLIC        P0
  D:0090H         PUBLIC        P1
  D:00A0H         PUBLIC        P2
  D:00B0H         PUBLIC        P3
  D:00C0H         PUBLIC        P4
  D:00C8H         PUBLIC        P5
  D:00E8H         PUBLIC        P6
  D:00F8H         PUBLIC        P7
BL51 BANKED LINKER/LOCATER V6.22                                                      11/15/2022  13:44:48  PAGE 32


  D:00A8H         PUBLIC        IE
  D:00B8H         PUBLIC        IP
  D:00D8H         PUBLIC        CCON
  C:1669H         PUBLIC        _BSP_GetFlashConfig
  D:0098H         PUBLIC        SCON
  D:0088H         PUBLIC        TCON
  C:0096H         PUBLIC        _BSP_FlashWriteByte
  X:0B7DH         PUBLIC        FlashCacheBuf
  D:00D0H         PUBLIC        PSW
  -------         PROC          _BSP_GETFLASHCONFIG
  D:002FH         SYMBOL        pSignalLine
  C:1669H         LINE#         10
  C:166FH         LINE#         11
  C:166FH         LINE#         13
  C:1680H         LINE#         14
  C:1694H         LINE#         15
  C:16A8H         LINE#         16
  C:16BCH         LINE#         17
  C:16D0H         LINE#         19
  C:16E4H         LINE#         20
  C:16F8H         LINE#         21
  C:170CH         LINE#         22
  C:1720H         LINE#         23
  C:1734H         LINE#         25
  C:1748H         LINE#         26
  C:175CH         LINE#         27
  C:1770H         LINE#         28
  C:1784H         LINE#         29
  C:1798H         LINE#         31
  C:17ACH         LINE#         32
  C:17C0H         LINE#         33
  C:17D4H         LINE#         34
  C:17E8H         LINE#         35
  C:17FCH         LINE#         37
  C:1810H         LINE#         38
  C:1824H         LINE#         39
  C:1838H         LINE#         40
  C:184CH         LINE#         41
  C:1860H         LINE#         43
  C:1874H         LINE#         44
  C:1888H         LINE#         45
  C:189CH         LINE#         46
  C:18B0H         LINE#         47
  C:18C4H         LINE#         49
  C:18D8H         LINE#         50
  C:18ECH         LINE#         51
  C:1900H         LINE#         52
  C:1914H         LINE#         53
  C:1928H         LINE#         55
  C:193CH         LINE#         56
  C:1950H         LINE#         57
  C:1964H         LINE#         58
  C:1978H         LINE#         59
  C:198CH         LINE#         61
  C:19A0H         LINE#         62
  C:19B4H         LINE#         63
  C:19C8H         LINE#         64
BL51 BANKED LINKER/LOCATER V6.22                                                      11/15/2022  13:44:48  PAGE 33


  C:19DCH         LINE#         65
  C:19F0H         LINE#         67
  C:1A04H         LINE#         68
  C:1A18H         LINE#         69
  C:1A2CH         LINE#         70
  C:1A40H         LINE#         71
  C:1A54H         LINE#         73
  C:1A68H         LINE#         74
  C:1A7CH         LINE#         75
  C:1A90H         LINE#         76
  C:1AA4H         LINE#         77
  C:1AB8H         LINE#         79
  C:1ACCH         LINE#         80
  C:1AE0H         LINE#         81
  C:1AF4H         LINE#         82
  C:1B08H         LINE#         83
  C:1B1CH         LINE#         85
  C:1B30H         LINE#         86
  C:1B44H         LINE#         87
  C:1B58H         LINE#         88
  C:1B6CH         LINE#         89
  C:1B80H         LINE#         91
  C:1B94H         LINE#         92
  C:1BA8H         LINE#         93
  C:1BBCH         LINE#         94
  C:1BD0H         LINE#         95
  C:1BE4H         LINE#         97
  C:1BF8H         LINE#         98
  C:1C0CH         LINE#         99
  C:1C20H         LINE#         100
  C:1C34H         LINE#         101
  C:1C48H         LINE#         102
  C:1C5CH         LINE#         103
  C:1C70H         LINE#         104
  C:1C84H         LINE#         106
  C:1C98H         LINE#         107
  C:1CACH         LINE#         108
  C:1CC0H         LINE#         109
  C:1CD4H         LINE#         110
[...]
  -------         ENDMOD        SERIAL

  -------         MODULE        CHECK
  C:0000H         SYMBOL        _ICE_DUMMY_
  C:74A1H         PUBLIC        _ByteArrayCompar
  D:0080H         PUBLIC        P0
  D:0090H         PUBLIC        P1
  D:00A0H         PUBLIC        P2
  D:00B0H         PUBLIC        P3
  D:00C0H         PUBLIC        P4
  D:00C8H         PUBLIC        P5
  D:00E8H         PUBLIC        P6
  D:00F8H         PUBLIC        P7
  D:00A8H         PUBLIC        IE
  C:0056H         PUBLIC        Serial_id
  D:00B8H         PUBLIC        IP
  D:00D8H         PUBLIC        CCON
  C:7A17H         PUBLIC        Check_Serial_Id
  D:0098H         PUBLIC        SCON
  D:0088H         PUBLIC        TCON
  C:7F3FH         PUBLIC        _Checksum
  C:0074H         SYMBOL        _?ix1000
  C:0077H         SYMBOL        _?ix1001
  C:6CFDH         PUBLIC        _ByteArrayCompar_r
  X:0DADH         PUBLIC        localid
  D:00D0H         PUBLIC        PSW
  -------         PROC          CHECK_SERIAL_ID
  -------         DO            
  X:0D71H         SYMBOL        sn
  X:0D74H         SYMBOL        strid
  X:0D83H         SYMBOL        i
BL51 BANKED LINKER/LOCATER V6.22                                                      11/15/2022  13:44:48  PAGE 64


  -------         ENDDO         
  C:7A17H         LINE#         586
  C:7A17H         LINE#         587
  C:7A17H         LINE#         588
  C:7A2AH         LINE#         589
  C:7A3DH         LINE#         590
  C:7A42H         LINE#         592
  C:7A4BH         LINE#         594
  C:7A5AH         LINE#         595
  C:7A5AH         LINE#         596
  C:7A79H         LINE#         597
  C:7A8BH         LINE#         598
  C:7A93H         LINE#         605
  C:7AAAH         LINE#         606
  C:7AABH         LINE#         613
  C:7AABH         LINE#         615
  C:7AABH         LINE#         616
  C:7AABH         LINE#         617
  C:7AABH         LINE#         618
  C:7ABDH         LINE#         619
  C:7AC4H         LINE#         620
  -------         ENDPROC       CHECK_SERIAL_ID
  -------         PROC          _CHECKSUM
  D:0029H         SYMBOL        pbuffer
  D:002CH         SYMBOL        lenth
  -------         DO            
  X:0D7CH         SYMBOL        i
  X:0D7EH         SYMBOL        psum
  -------         ENDDO         
  C:7F3FH         LINE#         639
  C:7F49H         LINE#         640
  C:7F49H         LINE#         641
  C:7F50H         LINE#         642
  C:7F69H         LINE#         643
  C:7F87H         LINE#         644
  C:7F87H         LINE#         645
  C:7FA8H         LINE#         646
  C:7FB8H         LINE#         647
  -------         ENDPROC       _CHECKSUM
  -------         PROC          _BYTEARRAYCOMPAR
  D:0037H         SYMBOL        source
  D:0004H         SYMBOL        srclen
  D:003CH         SYMBOL        dest
  D:003FH         SYMBOL        deslen
  -------         DO            
  X:0D86H         SYMBOL        slen
  X:0D88H         SYMBOL        dlen
  X:0D8AH         SYMBOL        psrc
  X:0D8DH         SYMBOL        pdes
  X:0D90H         SYMBOL        p
  -------         ENDDO         
  C:74A1H         LINE#         657
  C:74A7H         LINE#         658
  C:74A7H         LINE#         659
  C:74AFH         LINE#         660
  C:74B7H         LINE#         662
  C:74C0H         LINE#         663
BL51 BANKED LINKER/LOCATER V6.22                                                      11/15/2022  13:44:48  PAGE 65


  C:74CCH         LINE#         664
  C:74D5H         LINE#         666
  C:74EDH         LINE#         667
  C:74EDH         LINE#         668
  C:7502H         LINE#         669
  C:750EH         LINE#         670
  C:7518H         LINE#         671
  C:7524H         LINE#         672
  C:7553H         LINE#         673
  C:7553H         LINE#         674
  C:755DH         LINE#         675
  C:7567H         LINE#         676
  C:7575H         LINE#         677
  C:7577H         LINE#         678
  C:7581H         LINE#         679
  C:7581H         LINE#         680
  C:758DH         LINE#         681
  C:758DH         LINE#         682
  C:7597H         LINE#         683
  C:759AH         LINE#         684
  C:75A0H         LINE#         686
  -------         ENDPROC       _BYTEARRAYCOMPAR
  -------         PROC          _BYTEARRAYCOMPAR_R
  D:0041H         SYMBOL        source
  D:0004H         SYMBOL        srclen
  D:0046H         SYMBOL        dest
  D:0049H         SYMBOL        deslen
  -------         DO            
  X:0DA0H         SYMBOL        slen
  X:0DA2H         SYMBOL        dlen
  X:0DA4H         SYMBOL        psrc
  X:0DA7H         SYMBOL        pdes
  X:0DAAH         SYMBOL        p
  -------         ENDDO         
  C:6CFDH         LINE#         696
  C:6D03H         LINE#         697
  C:6D03H         LINE#         698
  C:6D0BH         LINE#         699
  C:6D13H         LINE#         701
  C:6D2AH         LINE#         702
  C:6D36H         LINE#         703
  C:6D4FH         LINE#         705
  C:6D61H         LINE#         706
  C:6D61H         LINE#         707
  C:6D76H         LINE#         708
  C:6D82H         LINE#         709
  C:6D8CH         LINE#         710
  C:6D98H         LINE#         711
  C:6DEFH         LINE#         712
  C:6DEFH         LINE#         713
  C:6DF9H         LINE#         714
  C:6E03H         LINE#         715
  C:6E11H         LINE#         716
  C:6E13H         LINE#         717
  C:6E1DH         LINE#         718
  C:6E1DH         LINE#         719
  C:6E29H         LINE#         720
BL51 BANKED LINKER/LOCATER V6.22                                                      11/15/2022  13:44:48  PAGE 66


  C:6E29H         LINE#         721
  C:6E33H         LINE#         722
  C:6E36H         LINE#         723
  C:6E3CH         LINE#         725
  -------         ENDPROC       _BYTEARRAYCOMPAR_R
  -------         ENDMOD        CHECK

  -------         MODULE        GPS
  C:0000H         SYMBOL        _ICE_DUMMY_
  D:0080H         PUBLIC        P0
  D:0090H         PUBLIC        P1
  D:00A0H         PUBLIC        P2
  C:25D0H         PUBLIC        CMD_GpsAckSucc
  D:00B0H         PUBLIC        P3
  D:00C0H         PUBLIC        P4
  C:25DEH         PUBLIC        CMD_BY_GetBasePos
  D:00C8H         PUBLIC        P5
  D:00E8H         PUBLIC        P6
  D:00F8H         PUBLIC        P7
  C:25FBH         PUBLIC        CMD_HX_GetBasePos
  D:00A2H         PUBLIC        P_SW1
  D:00A8H         PUBLIC        IE
  C:2623H         PUBLIC        CMD_BY_BaseStation
  B:00A8H.4       PUBLIC        ES
  D:00B8H         PUBLIC        IP
  C:2C31H         PUBLIC        CMD_HX_BaseStation
  C:2EBBH         PUBLIC        CMD_HX10Hz_MobileStation
  D:00D8H         PUBLIC        CCON
  C:260AH         PUBLIC        CMD_ConfigEnd
  C:8085H         PUBLIC        _GPS_EnterConfiguration
  D:0098H         PUBLIC        SCON
  D:0088H         PUBLIC        TCON
  C:7B6EH         PUBLIC        GetBaseStationPos
  C:25D3H         PUBLIC        CMD_BY_BaseAuto
  C:25F0H         PUBLIC        CMD_HX_BaseAuto
  X:0CA9H         PUBLIC        GpsRxBuffer
  C:7955H         SYMBOL        _EnterConfig
  C:7891H         SYMBOL        _Configuration
  C:25C7H         PUBLIC        CMD_GpsConfFail
  C:3145H         PUBLIC        CMD_HX5Hz_MobileStation
  C:29A7H         PUBLIC        CMD_BY_MobileStation
  C:25CBH         PUBLIC        CMD_GpsConfSucc
  D:00D0H         PUBLIC        PSW
  C:787DH         SYMBOL        L?0041
  -------         PROC          L?0040
  -------         ENDPROC       L?0040
  C:787DH         SYMBOL        L?0041
  -------         PROC          _CONFIGURATION
  D:0031H         SYMBOL        USARTx
  D:0032H         SYMBOL        cmd
  -------         DO            
  X:0D7BH         SYMBOL        i
  X:0D7CH         SYMBOL        times
  -------         ENDDO         
  C:7891H         LINE#         127
  C:7899H         LINE#         128
  C:7899H         LINE#         129
BL51 BANKED LINKER/LOCATER V6.22                                                      11/15/2022  13:44:48  PAGE 67


  C:789EH         LINE#         130
  C:78A2H         LINE#         134
  C:78AFH         LINE#         135
  C:78AFH         LINE#         137
  C:78C1H         LINE#         138
  C:78C1H         LINE#         139
  C:78C8H         LINE#         140
  C:78C8H         LINE#         142
  C:78CDH         LINE#         144
  C:78E3H         LINE#         146
  C:78EAH         LINE#         148
  C:78F9H         LINE#         150
  C:790AH         LINE#         152
  C:7921H         LINE#         153
  C:7921H         LINE#         154
  C:7938H         LINE#         155
  C:7938H         LINE#         156
  C:7947H         LINE#         157
  C:794FH         LINE#         158
  C:794FH         LINE#         159
  C:7952H         LINE#         160
  C:7952H         LINE#         161
  C:7952H         LINE#         162
  C:7954H         LINE#         163
  -------         ENDPROC       _CONFIGURATION
  -------         PROC          _ENTERCONFIG
  D:002DH         SYMBOL        USARTx
  D:002EH         SYMBOL        pcmd
  -------         DO            
  X:0D79H         SYMBOL        Index
  X:0D7AH         SYMBOL        temp
  -------         ENDDO         
  C:7955H         LINE#         171
  C:795DH         LINE#         172
  C:795DH         LINE#         173
  C:7962H         LINE#         174
  C:7964H         LINE#         176
  C:7966H         LINE#         178
  C:7973H         LINE#         179
  C:797BH         LINE#         181
  C:7981H         LINE#         182
  C:7981H         LINE#         183
  C:798FH         LINE#         184
  C:7997H         LINE#         185
  C:7997H         LINE#         186
  C:799DH         LINE#         187
  C:799DH         LINE#         188
  C:79ABH         LINE#         189
  C:79B3H         LINE#         190
  C:79B3H         LINE#         191
  C:79BBH         LINE#         192
  C:79BBH         LINE#         193
  C:79DEH         LINE#         194
  C:79DEH         LINE#         198
  C:79E6H         LINE#         200
  C:79E8H         LINE#         201
  C:79E8H         LINE#         202
BL51 BANKED LINKER/LOCATER V6.22                                                      11/15/2022  13:44:48  PAGE 68


  C:79F6H         LINE#         204
  C:7A00H         LINE#         209
  C:7A00H         LINE#         211
  C:7A06H         LINE#         213
  C:7A08H         LINE#         214
  C:7A08H         LINE#         215
  C:7A16H         LINE#         218
  -------         ENDPROC       _ENTERCONFIG
  -------         PROC          GETBASESTATIONPOS
  -------         DO            
  X:0D78H         SYMBOL        i
  X:0D79H         SYMBOL        type
  -------         ENDDO         
  C:7B6EH         LINE#         226
  C:7B6EH         LINE#         227
  C:7B6EH         LINE#         228
  C:7B73H         LINE#         229
  C:7B75H         LINE#         230
  C:7B7AH         LINE#         231
  C:7B85H         LINE#         232
  C:7B85H         LINE#         233
  C:7B85H         LINE#         234
  C:7B9BH         LINE#         235
  C:7B9BH         LINE#         236
  C:7BB1H         LINE#         237
  C:7BB1H         LINE#         238
  C:7BB1H         LINE#         240
  C:7BB1H         LINE#         241
  C:7BB8H         LINE#         243
  C:7BC7H         LINE#         245
  C:7BD8H         LINE#         247
  C:7BF1H         LINE#         248
  C:7BF1H         LINE#         249
  C:7C02H         LINE#         250
  C:7C0AH         LINE#         251
  -------         ENDPROC       GETBASESTATIONPOS
  -------         PROC          _GPS_ENTERCONFIGURATION
  D:002CH         SYMBOL        mode
  -------         DO            
  X:0D78H         SYMBOL        gpsmodel
  -------         ENDDO         
  C:8085H         LINE#         263
  C:8087H         LINE#         264
  C:8087H         LINE#         266
  C:808CH         LINE#         267
  C:808FH         LINE#         269
  C:8094H         LINE#         270
  C:8094H         LINE#         271
  C:809CH         LINE#         272
  C:809CH         LINE#         273
  C:809CH         LINE#         274
  C:80A2H         LINE#         275
  C:80A4H         LINE#         276
  C:80A4H         LINE#         277
  C:80AFH         LINE#         278
  C:80AFH         LINE#         279
  C:80AFH         LINE#         280
BL51 BANKED LINKER/LOCATER V6.22                                                      11/15/2022  13:44:48  PAGE 69


  C:80AFH         LINE#         281
  C:80AFH         LINE#         283
  C:80AFH         LINE#         284
  C:80B5H         LINE#         285
  C:80B5H         LINE#         286
  C:80C4H         LINE#         287
  C:80C4H         LINE#         288
  C:80C4H         LINE#         289
  C:80CAH         LINE#         290
  C:80CCH         LINE#         291
  C:80CCH         LINE#         292
  C:80D2H         LINE#         293
  C:80D4H         LINE#         294
  C:80D4H         LINE#         295
  C:80DFH         LINE#         296
  C:80DFH         LINE#         297
  C:80DFH         LINE#         298
  C:80DFH         LINE#         299
  C:80DFH         LINE#         300
  C:80DFH         LINE#         303
  -------         ENDPROC       _GPS_ENTERCONFIGURATION
  -------         ENDMOD        GPS

  -------         MODULE        MAIN
  C:0000H         SYMBOL        _ICE_DUMMY_
  D:0080H         PUBLIC        P0
  D:0090H         PUBLIC        P1
  D:00A0H         PUBLIC        P2
  D:00B0H         PUBLIC        P3
  D:00C0H         PUBLIC        P4
  D:00C8H         PUBLIC        P5
  D:00E8H         PUBLIC        P6
  D:00F8H         PUBLIC        P7
  D:00A8H         PUBLIC        IE
  D:00B8H         PUBLIC        IP
  D:00D8H         PUBLIC        CCON
  C:849BH         PUBLIC        main
  D:0098H         PUBLIC        SCON
  D:0088H         PUBLIC        TCON
  D:0011H         PUBLIC        i
  D:00D0H         PUBLIC        PSW
  -------         PROC          MAIN
  C:849BH         LINE#         8
  C:849BH         LINE#         9
  C:849BH         LINE#         11
  C:849EH         LINE#         13
  C:84A1H         LINE#         15
  C:84A4H         LINE#         18
  C:84A4H         LINE#         19
  C:84A4H         LINE#         24
  C:84A9H         LINE#         26
  C:84AEH         LINE#         32
  -------         ENDPROC       MAIN
  -------         ENDMOD        MAIN

  -------         MODULE        ?C?FPMUL
  C:33CFH         PUBLIC        ?C?FPMUL
BL51 BANKED LINKER/LOCATER V6.22                                                      11/15/2022  13:44:48  PAGE 70


  -------         ENDMOD        ?C?FPMUL

  -------         MODULE        ?C?FPDIV
  C:34D8H         PUBLIC        ?C?FPDIV
  -------         ENDMOD        ?C?FPDIV

  -------         MODULE        ?C?FCAST
  C:357FH         PUBLIC        ?C?FCASTC
  C:357AH         PUBLIC        ?C?FCASTI
  C:3575H         PUBLIC        ?C?FCASTL
  -------         ENDMOD        ?C?FCAST

  -------         MODULE        ?C?CASTF
  C:35B3H         PUBLIC        ?C?CASTF
  -------         ENDMOD        ?C?CASTF

  -------         MODULE        PRINTF
  D:0047H         PUBLIC        ?_PRINTF?BYTE
  D:0047H         PUBLIC        ?_SPRINTF?BYTE
  C:4E17H         PUBLIC        _PRINTF
  C:4E11H         PUBLIC        _SPRINTF
  -------         ENDMOD        PRINTF

  -------         MODULE        ?C?FPROUND
  C:3634H         PUBLIC        ?C?FPROUND
  -------         ENDMOD        ?C?FPROUND

  -------         MODULE        ?C?FPCONVERT
  C:3663H         PUBLIC        ?C?FPCONVERT
  -------         ENDMOD        ?C?FPCONVERT

  -------         MODULE        ?C?FPADD
  C:376DH         PUBLIC        ?C?FPADD
  C:3769H         PUBLIC        ?C?FPSUB
  -------         ENDMOD        ?C?FPADD

  -------         MODULE        ?C?FTNPWR
  C:388EH         PUBLIC        ?C?FTNPWR
  -------         ENDMOD        ?C?FTNPWR

  -------         MODULE        ?C?COPY
  C:399EH         PUBLIC        ?C?COPY
  -------         ENDMOD        ?C?COPY

  -------         MODULE        ?C?CLDPTR
  C:39C4H         PUBLIC        ?C?CLDPTR
  -------         ENDMOD        ?C?CLDPTR

  -------         MODULE        ?C?CLDOPTR
  C:39DDH         PUBLIC        ?C?CLDOPTR
  -------         ENDMOD        ?C?CLDOPTR

  -------         MODULE        ?C?CILDPTR
  C:3A0AH         PUBLIC        ?C?CILDPTR
  -------         ENDMOD        ?C?CILDPTR

  -------         MODULE        ?C?CILDOPTR
BL51 BANKED LINKER/LOCATER V6.22                                                      11/15/2022  13:44:48  PAGE 71


  C:3A2CH         PUBLIC        ?C?CILDOPTR
  -------         ENDMOD        ?C?CILDOPTR

  -------         MODULE        ?C?CSTPTR
  C:3A5FH         PUBLIC        ?C?CSTPTR
  -------         ENDMOD        ?C?CSTPTR

  -------         MODULE        ?C?CSTOPTR
  C:3A71H         PUBLIC        ?C?CSTOPTR
  -------         ENDMOD        ?C?CSTOPTR

  -------         MODULE        ?C?IILDX
  C:3A93H         PUBLIC        ?C?IILDX
  -------         ENDMOD        ?C?IILDX

  -------         MODULE        ?C?ILDIX
  C:3AA9H         PUBLIC        ?C?ILDIX
  -------         ENDMOD        ?C?ILDIX

  -------         MODULE        ?C?ILDPTR
  C:3ABFH         PUBLIC        ?C?ILDPTR
  -------         ENDMOD        ?C?ILDPTR

  -------         MODULE        ?C?ILDOPTR
  C:3AEAH         PUBLIC        ?C?ILDOPTR
  -------         ENDMOD        ?C?ILDOPTR

  -------         MODULE        ?C?ISTPTR
  C:3B22H         PUBLIC        ?C?ISTPTR
  -------         ENDMOD        ?C?ISTPTR

  -------         MODULE        ?C?ISTOPTR
  C:3B41H         PUBLIC        ?C?ISTOPTR
  -------         ENDMOD        ?C?ISTOPTR

  -------         MODULE        ?C?ULDIV
  C:3BAAH         PUBLIC        ?C?ULDIV
  -------         ENDMOD        ?C?ULDIV

  -------         MODULE        ?C?LNEG
  C:3C3CH         PUBLIC        ?C?LNEG
  -------         ENDMOD        ?C?LNEG

  -------         MODULE        ?C?ULSHR
  C:3C4AH         PUBLIC        ?C?ULSHR
  -------         ENDMOD        ?C?ULSHR

  -------         MODULE        ?C?LLDOPTR0
  C:3C5DH         PUBLIC        ?C?LLDOPTR0
  -------         ENDMOD        ?C?LLDOPTR0

  -------         MODULE        ?C?PLDIIDATA
  C:3C8DH         PUBLIC        ?C?PLDIIDATA
  -------         ENDMOD        ?C?PLDIIDATA

  -------         MODULE        ?C?CCASE
  C:3C9DH         PUBLIC        ?C?CCASE
BL51 BANKED LINKER/LOCATER V6.22                                                      11/15/2022  13:44:48  PAGE 72


  -------         ENDMOD        ?C?CCASE

  -------         MODULE        STRCAT
  D:0031H         PUBLIC        ?_strcat?BYTE
  C:813AH         PUBLIC        _strcat
  -------         ENDMOD        STRCAT

  -------         MODULE        ?C?STRCMP
  C:3E41H         PUBLIC        ?C?STRCMP
  -------         ENDMOD        ?C?STRCMP

  -------         MODULE        STRLEN
  C:84B0H         PUBLIC        _STRLEN
  -------         ENDMOD        STRLEN

  -------         MODULE        STRSTR
  D:0035H         PUBLIC        ?_strstr?BYTE
  C:7DC1H         PUBLIC        _strstr
  -------         ENDMOD        STRSTR

  -------         MODULE        ?C?MEMSET
  C:3E5EH         PUBLIC        ?C?MEMSET
  -------         ENDMOD        ?C?MEMSET

  -------         MODULE        ?C?LLDIDATA0
  C:3E8AH         PUBLIC        ?C?LLDIDATA0
  -------         ENDMOD        ?C?LLDIDATA0

  -------         MODULE        ?C?LLDXDATA0
  C:3E97H         PUBLIC        ?C?LLDXDATA0
  -------         ENDMOD        ?C?LLDXDATA0

  -------         MODULE        ?C?LLDPDATA0
  C:3EA3H         PUBLIC        ?C?LLDPDATA0
  -------         ENDMOD        ?C?LLDPDATA0

  -------         MODULE        ?C?LLDCODE0
  C:3EB0H         PUBLIC        ?C?LLDCODE0
  -------         ENDMOD        ?C?LLDCODE0

Program Size: data=86.1 xdata=3508 code=34449
LINK/LOCATE RUN COMPLETE.  0 WARNING(S),  0 ERROR(S)
